2025-02-22 19:02:53.376 [info] [main] Log level: Info
2025-02-22 19:02:53.376 [info] [main] Validating found git in: "git"
2025-02-22 19:02:53.376 [info] [main] Using git "2.43.0" from "git"
2025-02-22 19:02:53.376 [info] [Model][doInitialScan] Initial repository scan started
2025-02-22 19:02:53.376 [info] > git rev-parse --show-toplevel [17ms]
2025-02-22 19:02:53.387 [info] > git rev-parse --git-dir --git-common-dir [20ms]
2025-02-22 19:02:53.400 [info] [Model][openRepository] Opened repository: /home/leozhontai561
2025-02-22 19:02:53.413 [info] > git config --get commit.template [6ms]
2025-02-22 19:02:55.052 [info] > git for-each-ref --format=%(refname)%00%(upstream:short)%00%(objectname)%00%(upstream:track)%00%(upstream:remotename)%00%(upstream:remoteref) refs/heads/main refs/remotes/main [1641ms]
2025-02-22 19:02:55.053 [info] > git rev-parse --show-toplevel [1635ms]
2025-02-22 19:02:55.083 [info] > git check-ignore -v -z --stdin [69ms]
2025-02-22 19:02:55.091 [info] > git rev-parse --show-toplevel [10ms]
2025-02-22 19:02:55.344 [info] > git status -z -uall [232ms]
2025-02-22 19:02:55.344 [info] > git for-each-ref --sort -committerdate --format %(refname) %(objectname) %(*objectname) [222ms]
2025-02-22 19:02:55.345 [info] > git rev-parse --show-toplevel [245ms]
2025-02-22 19:02:55.410 [info] > git for-each-ref --format=%(refname)%00%(upstream:short)%00%(objectname)%00%(upstream:track)%00%(upstream:remotename)%00%(upstream:remoteref) refs/heads/main refs/remotes/main [30ms]
2025-02-22 19:02:55.417 [info] > git rev-parse --show-toplevel [56ms]
2025-02-22 19:02:55.443 [info] > git config --local branch.main.vscode-merge-base [27ms]
2025-02-22 19:02:55.443 [warning] [Git][config] git config failed: Failed to execute git
2025-02-22 19:02:55.450 [info] > git config --get commit.template [42ms]
2025-02-22 19:02:55.496 [info] > git rev-parse --show-toplevel [70ms]
2025-02-22 19:02:55.549 [info] > git reflog main --grep-reflog=branch: Created from *. [99ms]
2025-02-22 19:02:55.571 [info] > git check-ignore -v -z --stdin [5ms]
2025-02-22 19:02:55.571 [info] > git symbolic-ref --short refs/remotes/origin/HEAD [14ms]
2025-02-22 19:02:55.571 [info] fatal: ref refs/remotes/origin/HEAD is not a symbolic ref
2025-02-22 19:02:55.571 [warning] [Repository][getDefaultBranch] Failed to get default branch details: Failed to execute git.
2025-02-22 19:02:55.580 [info] > git rev-parse --show-toplevel [36ms]
2025-02-22 19:02:55.580 [info] > git for-each-ref --format=%(refname)%00%(upstream:short)%00%(objectname)%00%(upstream:track)%00%(upstream:remotename)%00%(upstream:remoteref) refs/heads/main refs/remotes/main [42ms]
2025-02-22 19:02:55.591 [info] > git merge-base refs/heads/main refs/remotes/origin/main [11ms]
2025-02-22 19:02:55.630 [info] > git rev-parse --show-toplevel [41ms]
2025-02-22 19:02:55.649 [info] > git diff --name-status -z --diff-filter=ADMR 24234f44b67593ebcbc0cd38a96cb9e9b7efb676...refs/remotes/origin/main [51ms]
2025-02-22 19:02:55.682 [info] > git rev-parse --show-toplevel [33ms]
2025-02-22 19:02:55.695 [info] > git status -z -uall [25ms]
2025-02-22 19:02:55.695 [info] > git rev-parse --show-toplevel [5ms]
2025-02-22 19:02:55.696 [info] > git for-each-ref --sort -committerdate --format %(refname) %(objectname) %(*objectname) [15ms]
2025-02-22 19:02:55.748 [info] > git rev-parse --show-toplevel [42ms]
2025-02-22 19:02:55.772 [info] > git rev-parse --show-toplevel [3ms]
2025-02-22 19:02:55.793 [info] > git rev-parse --show-toplevel [13ms]
2025-02-22 19:02:55.836 [info] > git rev-parse --show-toplevel [31ms]
2025-02-22 19:02:55.856 [info] > git rev-parse --show-toplevel [2ms]
2025-02-22 19:02:55.865 [info] > git rev-parse --show-toplevel [2ms]
2025-02-22 19:02:55.866 [info] [Model][doInitialScan] Initial repository scan completed - repositories (1), closed repositories (0), parent repositories (0), unsafe repositories (0)
2025-02-22 19:03:13.277 [info] > git check-ignore -v -z --stdin [2ms]
2025-02-22 19:03:56.387 [info] > git ls-files --stage -- /home/leozhontai561/main.py [3ms]
2025-02-22 19:03:56.415 [info] > git cat-file -s 0ee1ad4bfad1042c21892e20a4f3008d9fd87f93 [22ms]
2025-02-22 19:03:56.416 [info] > git show --textconv :main.py [38ms]
2025-02-22 19:03:59.544 [info] > git show --textconv :main.py [8ms]
2025-02-22 19:03:59.545 [info] > git ls-files --stage -- /home/leozhontai561/main.py [2ms]
2025-02-22 19:03:59.553 [info] > git cat-file -s 0ee1ad4bfad1042c21892e20a4f3008d9fd87f93 [1ms]
2025-02-22 19:04:26.937 [info] > git config --get commit.template [5ms]
2025-02-22 19:04:26.937 [info] > git for-each-ref --format=%(refname)%00%(upstream:short)%00%(objectname)%00%(upstream:track)%00%(upstream:remotename)%00%(upstream:remoteref) refs/heads/main refs/remotes/main [1ms]
2025-02-22 19:04:26.949 [info] > git for-each-ref --sort -committerdate --format %(refname) %(objectname) %(*objectname) [1ms]
2025-02-22 19:04:26.958 [info] > git status -z -uall [15ms]
2025-02-22 19:04:28.989 [info] > git ls-files --stage -- /home/leozhontai561/Procfile [1ms]
2025-02-22 19:04:29.071 [info] > git show --textconv :Procfile [88ms]
2025-02-22 19:04:29.072 [info] > git cat-file -s 1ba043977def09b463bc26405ba8108eec86caf4 [78ms]
2025-02-22 19:04:31.978 [info] > git config --get commit.template [4ms]
2025-02-22 19:04:31.979 [info] > git for-each-ref --format=%(refname)%00%(upstream:short)%00%(objectname)%00%(upstream:track)%00%(upstream:remotename)%00%(upstream:remoteref) refs/heads/main refs/remotes/main [2ms]
2025-02-22 19:04:31.990 [info] > git for-each-ref --sort -committerdate --format %(refname) %(objectname) %(*objectname) [1ms]
2025-02-22 19:04:31.998 [info] > git status -z -uall [15ms]
2025-02-22 19:04:37.016 [info] > git for-each-ref --format=%(refname)%00%(upstream:short)%00%(objectname)%00%(upstream:track)%00%(upstream:remotename)%00%(upstream:remoteref) refs/heads/main refs/remotes/main [2ms]
2025-02-22 19:04:37.016 [info] > git config --get commit.template [6ms]
2025-02-22 19:04:37.024 [info] > git for-each-ref --sort -committerdate --format %(refname) %(objectname) %(*objectname) [1ms]
2025-02-22 19:04:37.033 [info] > git status -z -uall [14ms]
2025-02-22 19:04:57.333 [info] > git config --get commit.template [6ms]
2025-02-22 19:04:57.333 [info] > git for-each-ref --format=%(refname)%00%(upstream:short)%00%(objectname)%00%(upstream:track)%00%(upstream:remotename)%00%(upstream:remoteref) refs/heads/main refs/remotes/main [1ms]
2025-02-22 19:04:57.346 [info] > git for-each-ref --sort -committerdate --format %(refname) %(objectname) %(*objectname) [2ms]
2025-02-22 19:04:57.353 [info] > git status -z -uall [14ms]
2025-02-22 19:05:11.485 [info] > git config --get commit.template [7ms]
2025-02-22 19:05:11.485 [info] > git for-each-ref --format=%(refname)%00%(upstream:short)%00%(objectname)%00%(upstream:track)%00%(upstream:remotename)%00%(upstream:remoteref) refs/heads/main refs/remotes/main [1ms]
2025-02-22 19:05:11.496 [info] > git for-each-ref --sort -committerdate --format %(refname) %(objectname) %(*objectname) [2ms]
2025-02-22 19:05:11.504 [info] > git status -z -uall [14ms]
2025-02-22 19:05:14.074 [info] > git ls-files --stage -- /home/leozhontai561/README-cloudshell.txt [1ms]
2025-02-22 19:05:14.110 [info] > git show --textconv :README-cloudshell.txt [42ms]
2025-02-22 19:05:14.110 [info] > git cat-file -s 9fa5a74e750d98eb725eca4ca09ba01af2f5cd24 [32ms]
2025-02-22 19:05:16.524 [info] > git config --get commit.template [6ms]
2025-02-22 19:05:16.525 [info] > git for-each-ref --format=%(refname)%00%(upstream:short)%00%(objectname)%00%(upstream:track)%00%(upstream:remotename)%00%(upstream:remoteref) refs/heads/main refs/remotes/main [2ms]
2025-02-22 19:05:16.538 [info] > git for-each-ref --sort -committerdate --format %(refname) %(objectname) %(*objectname) [2ms]
2025-02-22 19:05:16.545 [info] > git status -z -uall [15ms]
2025-02-22 19:05:19.101 [info] > git ls-files --stage -- /home/leozhontai561/requirements.txt [3ms]
2025-02-22 19:05:19.142 [info] > git show --textconv :requirements.txt [48ms]
2025-02-22 19:05:19.144 [info] > git cat-file -s 38d7530785c21e7496268524c2d48757c63fbc59 [40ms]
2025-02-22 19:05:21.562 [info] > git config --get commit.template [6ms]
2025-02-22 19:05:21.563 [info] > git for-each-ref --format=%(refname)%00%(upstream:short)%00%(objectname)%00%(upstream:track)%00%(upstream:remotename)%00%(upstream:remoteref) refs/heads/main refs/remotes/main [1ms]
2025-02-22 19:05:21.576 [info] > git for-each-ref --sort -committerdate --format %(refname) %(objectname) %(*objectname) [2ms]
2025-02-22 19:05:21.583 [info] > git status -z -uall [14ms]
2025-02-22 19:05:36.337 [info] > git config --get commit.template [5ms]
2025-02-22 19:05:36.338 [info] > git for-each-ref --format=%(refname)%00%(upstream:short)%00%(objectname)%00%(upstream:track)%00%(upstream:remotename)%00%(upstream:remoteref) refs/heads/main refs/remotes/main [2ms]
2025-02-22 19:05:36.348 [info] > git for-each-ref --sort -committerdate --format %(refname) %(objectname) %(*objectname) [2ms]
2025-02-22 19:05:36.357 [info] > git status -z -uall [15ms]
2025-02-22 19:05:41.375 [info] > git config --get commit.template [3ms]
2025-02-22 19:05:41.380 [info] > git for-each-ref --format=%(refname)%00%(upstream:short)%00%(objectname)%00%(upstream:track)%00%(upstream:remotename)%00%(upstream:remoteref) refs/heads/main refs/remotes/main [2ms]
2025-02-22 19:05:41.394 [info] > git for-each-ref --sort -committerdate --format %(refname) %(objectname) %(*objectname) [2ms]
2025-02-22 19:05:41.401 [info] > git status -z -uall [15ms]
2025-02-22 19:05:46.419 [info] > git config --get commit.template [3ms]
2025-02-22 19:05:46.427 [info] > git for-each-ref --format=%(refname)%00%(upstream:short)%00%(objectname)%00%(upstream:track)%00%(upstream:remotename)%00%(upstream:remoteref) refs/heads/main refs/remotes/main [2ms]
2025-02-22 19:05:46.441 [info] > git for-each-ref --sort -committerdate --format %(refname) %(objectname) %(*objectname) [3ms]
2025-02-22 19:05:46.449 [info] > git status -z -uall [16ms]
2025-02-22 19:05:58.557 [info] > git config --get commit.template [4ms]
2025-02-22 19:05:58.558 [info] > git for-each-ref --format=%(refname)%00%(upstream:short)%00%(objectname)%00%(upstream:track)%00%(upstream:remotename)%00%(upstream:remoteref) refs/heads/main refs/remotes/main [2ms]
2025-02-22 19:05:58.572 [info] > git for-each-ref --sort -committerdate --format %(refname) %(objectname) %(*objectname) [2ms]
2025-02-22 19:05:58.578 [info] > git status -z -uall [14ms]
2025-02-22 19:06:00.285 [info] > git ls-files --stage -- /home/leozhontai561/storage.py [2ms]
2025-02-22 19:06:00.324 [info] > git show --textconv :storage.py [45ms]
2025-02-22 19:06:00.324 [info] > git cat-file -s f170ff8f770d68d6a7f269b4e3db43826c0425cc [34ms]
2025-02-22 19:06:03.593 [info] > git config --get commit.template [4ms]
2025-02-22 19:06:03.594 [info] > git for-each-ref --format=%(refname)%00%(upstream:short)%00%(objectname)%00%(upstream:track)%00%(upstream:remotename)%00%(upstream:remoteref) refs/heads/main refs/remotes/main [1ms]
2025-02-22 19:06:03.606 [info] > git for-each-ref --sort -committerdate --format %(refname) %(objectname) %(*objectname) [1ms]
2025-02-22 19:06:03.620 [info] > git status -z -uall [21ms]
2025-02-22 19:06:14.992 [info] > git config --get commit.template [4ms]
2025-02-22 19:06:14.993 [info] > git for-each-ref --format=%(refname)%00%(upstream:short)%00%(objectname)%00%(upstream:track)%00%(upstream:remotename)%00%(upstream:remoteref) refs/heads/main refs/remotes/main [2ms]
2025-02-22 19:06:15.002 [info] > git for-each-ref --sort -committerdate --format %(refname) %(objectname) %(*objectname) [2ms]
2025-02-22 19:06:15.017 [info] > git status -z -uall [21ms]
2025-02-22 19:22:02.735 [info] > git config --get commit.template [5ms]
2025-02-22 19:22:02.736 [info] > git for-each-ref --format=%(refname)%00%(upstream:short)%00%(objectname)%00%(upstream:track)%00%(upstream:remotename)%00%(upstream:remoteref) refs/heads/main refs/remotes/main [2ms]
2025-02-22 19:22:02.747 [info] > git for-each-ref --sort -committerdate --format %(refname) %(objectname) %(*objectname) [2ms]
2025-02-22 19:22:02.754 [info] > git status -z -uall [14ms]
2025-02-22 19:22:07.773 [info] > git config --get commit.template [6ms]
2025-02-22 19:22:07.774 [info] > git for-each-ref --format=%(refname)%00%(upstream:short)%00%(objectname)%00%(upstream:track)%00%(upstream:remotename)%00%(upstream:remoteref) refs/heads/main refs/remotes/main [2ms]
2025-02-22 19:22:07.785 [info] > git for-each-ref --sort -committerdate --format %(refname) %(objectname) %(*objectname) [2ms]
2025-02-22 19:22:07.793 [info] > git status -z -uall [14ms]
2025-02-22 19:22:12.810 [info] > git config --get commit.template [6ms]
2025-02-22 19:22:12.811 [info] > git for-each-ref --format=%(refname)%00%(upstream:short)%00%(objectname)%00%(upstream:track)%00%(upstream:remotename)%00%(upstream:remoteref) refs/heads/main refs/remotes/main [2ms]
2025-02-22 19:22:12.823 [info] > git for-each-ref --sort -committerdate --format %(refname) %(objectname) %(*objectname) [2ms]
2025-02-22 19:22:12.830 [info] > git status -z -uall [14ms]
2025-02-22 19:22:17.847 [info] > git config --get commit.template [6ms]
2025-02-22 19:22:17.848 [info] > git for-each-ref --format=%(refname)%00%(upstream:short)%00%(objectname)%00%(upstream:track)%00%(upstream:remotename)%00%(upstream:remoteref) refs/heads/main refs/remotes/main [2ms]
2025-02-22 19:22:17.859 [info] > git for-each-ref --sort -committerdate --format %(refname) %(objectname) %(*objectname) [2ms]
2025-02-22 19:22:17.867 [info] > git status -z -uall [15ms]
2025-02-22 19:22:22.883 [info] > git config --get commit.template [5ms]
2025-02-22 19:22:22.884 [info] > git for-each-ref --format=%(refname)%00%(upstream:short)%00%(objectname)%00%(upstream:track)%00%(upstream:remotename)%00%(upstream:remoteref) refs/heads/main refs/remotes/main [1ms]
2025-02-22 19:22:22.896 [info] > git for-each-ref --sort -committerdate --format %(refname) %(objectname) %(*objectname) [2ms]
2025-02-22 19:22:22.903 [info] > git status -z -uall [14ms]
2025-02-22 19:22:27.919 [info] > git config --get commit.template [5ms]
2025-02-22 19:22:27.920 [info] > git for-each-ref --format=%(refname)%00%(upstream:short)%00%(objectname)%00%(upstream:track)%00%(upstream:remotename)%00%(upstream:remoteref) refs/heads/main refs/remotes/main [1ms]
2025-02-22 19:22:27.931 [info] > git for-each-ref --sort -committerdate --format %(refname) %(objectname) %(*objectname) [1ms]
2025-02-22 19:22:27.939 [info] > git status -z -uall [14ms]
2025-02-22 19:22:32.954 [info] > git config --get commit.template [4ms]
2025-02-22 19:22:32.956 [info] > git for-each-ref --format=%(refname)%00%(upstream:short)%00%(objectname)%00%(upstream:track)%00%(upstream:remotename)%00%(upstream:remoteref) refs/heads/main refs/remotes/main [2ms]
2025-02-22 19:22:32.967 [info] > git for-each-ref --sort -committerdate --format %(refname) %(objectname) %(*objectname) [2ms]
2025-02-22 19:22:32.975 [info] > git status -z -uall [14ms]
2025-02-22 19:22:37.994 [info] > git config --get commit.template [4ms]
2025-02-22 19:22:37.994 [info] > git for-each-ref --format=%(refname)%00%(upstream:short)%00%(objectname)%00%(upstream:track)%00%(upstream:remotename)%00%(upstream:remoteref) refs/heads/main refs/remotes/main [1ms]
2025-02-22 19:22:38.006 [info] > git for-each-ref --sort -committerdate --format %(refname) %(objectname) %(*objectname) [2ms]
2025-02-22 19:22:38.015 [info] > git status -z -uall [15ms]
2025-02-22 19:22:43.029 [info] > git config --get commit.template [4ms]
2025-02-22 19:22:43.030 [info] > git for-each-ref --format=%(refname)%00%(upstream:short)%00%(objectname)%00%(upstream:track)%00%(upstream:remotename)%00%(upstream:remoteref) refs/heads/main refs/remotes/main [1ms]
2025-02-22 19:22:43.043 [info] > git for-each-ref --sort -committerdate --format %(refname) %(objectname) %(*objectname) [2ms]
2025-02-22 19:22:43.051 [info] > git status -z -uall [14ms]
2025-02-22 19:22:48.068 [info] > git config --get commit.template [6ms]
2025-02-22 19:22:48.069 [info] > git for-each-ref --format=%(refname)%00%(upstream:short)%00%(objectname)%00%(upstream:track)%00%(upstream:remotename)%00%(upstream:remoteref) refs/heads/main refs/remotes/main [2ms]
2025-02-22 19:22:48.082 [info] > git for-each-ref --sort -committerdate --format %(refname) %(objectname) %(*objectname) [2ms]
2025-02-22 19:22:48.090 [info] > git status -z -uall [15ms]
2025-02-22 19:22:53.106 [info] > git config --get commit.template [6ms]
2025-02-22 19:22:53.107 [info] > git for-each-ref --format=%(refname)%00%(upstream:short)%00%(objectname)%00%(upstream:track)%00%(upstream:remotename)%00%(upstream:remoteref) refs/heads/main refs/remotes/main [1ms]
2025-02-22 19:22:53.119 [info] > git for-each-ref --sort -committerdate --format %(refname) %(objectname) %(*objectname) [2ms]
2025-02-22 19:22:53.126 [info] > git status -z -uall [14ms]
2025-02-22 19:22:58.142 [info] > git config --get commit.template [4ms]
2025-02-22 19:22:58.143 [info] > git for-each-ref --format=%(refname)%00%(upstream:short)%00%(objectname)%00%(upstream:track)%00%(upstream:remotename)%00%(upstream:remoteref) refs/heads/main refs/remotes/main [1ms]
2025-02-22 19:22:58.153 [info] > git for-each-ref --sort -committerdate --format %(refname) %(objectname) %(*objectname) [2ms]
2025-02-22 19:22:58.161 [info] > git status -z -uall [14ms]
2025-02-22 19:23:03.176 [info] > git config --get commit.template [5ms]
2025-02-22 19:23:03.177 [info] > git for-each-ref --format=%(refname)%00%(upstream:short)%00%(objectname)%00%(upstream:track)%00%(upstream:remotename)%00%(upstream:remoteref) refs/heads/main refs/remotes/main [1ms]
2025-02-22 19:23:03.189 [info] > git for-each-ref --sort -committerdate --format %(refname) %(objectname) %(*objectname) [2ms]
2025-02-22 19:23:03.197 [info] > git status -z -uall [14ms]
2025-02-22 19:23:08.213 [info] > git config --get commit.template [4ms]
2025-02-22 19:23:08.215 [info] > git for-each-ref --format=%(refname)%00%(upstream:short)%00%(objectname)%00%(upstream:track)%00%(upstream:remotename)%00%(upstream:remoteref) refs/heads/main refs/remotes/main [1ms]
2025-02-22 19:23:08.226 [info] > git for-each-ref --sort -committerdate --format %(refname) %(objectname) %(*objectname) [2ms]
2025-02-22 19:23:08.234 [info] > git status -z -uall [14ms]
2025-02-22 19:23:13.251 [info] > git config --get commit.template [5ms]
2025-02-22 19:23:13.252 [info] > git for-each-ref --format=%(refname)%00%(upstream:short)%00%(objectname)%00%(upstream:track)%00%(upstream:remotename)%00%(upstream:remoteref) refs/heads/main refs/remotes/main [2ms]
2025-02-22 19:23:13.264 [info] > git for-each-ref --sort -committerdate --format %(refname) %(objectname) %(*objectname) [2ms]
2025-02-22 19:23:13.271 [info] > git status -z -uall [14ms]
