2025-02-23 19:55:30.335 [info] Extension host with pid 6659 started
2025-02-23 19:55:30.357 [info] Lock '/home/leozhontai561/.codeoss/data/User/workspaceStorage/-4f52639f/vscode.lock': Lock acquired.
2025-02-23 19:55:30.513 [info] ExtensionService#_doActivateExtension vscode.emmet, startup: false, activationEvent: 'onLanguage'
2025-02-23 19:55:30.514 [info] ExtensionService#_doActivateExtension ms-python.python, startup: false, activationEvent: 'onLanguage:python'
2025-02-23 19:55:31.024 [error] Error: spawn /google/devshell/editor/code-oss-for-cloud-shell/extensions/ms-python.python/python-env-tools/bin/pet ENOENT
	at ChildProcess._handle.onexit (node:internal/child_process:286:19)
	at onErrorNT (node:internal/child_process:484:16)
	at process.processTicksAndRejections (node:internal/process/task_queues:82:21)
2025-02-23 19:55:31.133 [info] ExtensionService#_doActivateExtension vscode.git-base, startup: true, activationEvent: '*', root cause: vscode.git
2025-02-23 19:55:31.186 [info] ExtensionService#_doActivateExtension vscode.git, startup: true, activationEvent: '*'
2025-02-23 19:55:31.186 [info] ExtensionService#_doActivateExtension vscode.github, startup: true, activationEvent: '*'
2025-02-23 19:55:31.403 [info] ExtensionService#_doActivateExtension redhat.fabric8-analytics, startup: true, activationEvent: 'workspaceContains:**/package.json,**/pom.xml,**/go.mod,**/requirements.txt,**/build.gradle,**/Dockerfile,**/Containerfile'
2025-02-23 19:55:31.730 [info] Eager extensions activated
2025-02-23 19:55:31.731 [info] ExtensionService#_doActivateExtension EditorConfig.EditorConfig, startup: false, activationEvent: 'onStartupFinished'
2025-02-23 19:55:31.731 [info] ExtensionService#_doActivateExtension google.cloud-shell, startup: false, activationEvent: 'onStartupFinished'
2025-02-23 19:55:31.732 [info] ExtensionService#_doActivateExtension google.geminicodeassist, startup: false, activationEvent: 'onStartupFinished', root cause: googlecloudtools.cloudcode
2025-02-23 19:55:31.732 [info] ExtensionService#_doActivateExtension vscode.debug-auto-launch, startup: false, activationEvent: 'onStartupFinished'
2025-02-23 19:55:31.733 [info] ExtensionService#_doActivateExtension vscode.merge-conflict, startup: false, activationEvent: 'onStartupFinished'
2025-02-23 19:55:33.110 [info] ExtensionService#_doActivateExtension googlecloudtools.cloudcode, startup: false, activationEvent: 'onStartupFinished'
2025-02-23 19:55:35.368 [info] ExtensionService#_doActivateExtension vscode.configuration-editing, startup: false, activationEvent: 'onLanguage:jsonc'
2025-02-23 19:55:35.369 [info] ExtensionService#_doActivateExtension vscode.json-language-features, startup: false, activationEvent: 'onLanguage:jsonc'
2025-02-23 19:55:35.369 [info] ExtensionService#_doActivateExtension vscode.typescript-language-features, startup: false, activationEvent: 'onLanguage:jsonc'
2025-02-23 19:55:35.585 [warning] [Decorations] CAPPING events from decorations provider vscode.git 1375
2025-02-23 19:55:35.971 [info] ExtensionService#_doActivateExtension vscode.github-authentication, startup: false, activationEvent: 'onAuthenticationRequest:github'
2025-02-23 19:55:36.369 [warning] [Decorations] CAPPING events from decorations provider vscode.git 1377
2025-02-23 19:59:09.793 [warning] [Decorations] CAPPING events from decorations provider vscode.git 1382
2025-02-23 19:59:14.887 [warning] [Decorations] CAPPING events from decorations provider vscode.git 1380
2025-02-23 19:59:20.964 [info] ExtensionService#_doActivateExtension vscode.extension-editing, startup: false, activationEvent: 'onLanguage:json'
2025-02-23 19:59:20.965 [info] ExtensionService#_doActivateExtension vscode.npm, startup: false, activationEvent: 'onLanguage:json'
2025-02-23 19:59:45.487 [warning] [Decorations] CAPPING events from decorations provider vscode.git 1380
2025-02-23 19:59:50.572 [warning] [Decorations] CAPPING events from decorations provider vscode.git 1380
2025-02-23 20:12:00.027 [warning] [Decorations] CAPPING events from decorations provider vscode.git 1382
2025-02-23 20:12:05.109 [warning] [Decorations] CAPPING events from decorations provider vscode.git 1381
2025-02-23 20:12:13.558 [warning] [Decorations] CAPPING events from decorations provider vscode.git 1381
2025-02-23 20:12:18.640 [warning] [Decorations] CAPPING events from decorations provider vscode.git 1381
2025-02-23 20:12:23.721 [warning] [Decorations] CAPPING events from decorations provider vscode.git 1381
2025-02-23 20:14:46.490 [warning] [Decorations] CAPPING events from decorations provider vscode.git 1383
2025-02-23 20:14:51.579 [warning] [Decorations] CAPPING events from decorations provider vscode.git 1383
2025-02-23 20:14:56.660 [warning] [Decorations] CAPPING events from decorations provider vscode.git 1383
2025-02-23 20:15:01.741 [warning] [Decorations] CAPPING events from decorations provider vscode.git 1383
2025-02-23 20:19:08.735 [warning] [Decorations] CAPPING events from decorations provider vscode.git 1384
2025-02-23 20:19:13.813 [warning] [Decorations] CAPPING events from decorations provider vscode.git 1384
2025-02-23 20:19:39.616 [warning] [Decorations] CAPPING events from decorations provider vscode.git 1385
2025-02-23 20:19:44.701 [warning] [Decorations] CAPPING events from decorations provider vscode.git 1385
2025-02-23 20:21:13.536 [warning] [Decorations] CAPPING events from decorations provider vscode.git 1386
2025-02-23 20:21:18.624 [warning] [Decorations] CAPPING events from decorations provider vscode.git 1386
2025-02-23 20:21:23.704 [warning] [Decorations] CAPPING events from decorations provider vscode.git 1386
2025-02-23 20:21:34.226 [warning] [Decorations] CAPPING events from decorations provider vscode.git 1387
2025-02-23 20:21:54.121 [warning] [Decorations] CAPPING events from decorations provider vscode.git 1387
2025-02-23 20:21:59.203 [warning] [Decorations] CAPPING events from decorations provider vscode.git 1387
2025-02-23 20:22:04.285 [warning] [Decorations] CAPPING events from decorations provider vscode.git 1387
2025-02-23 20:22:10.242 [warning] [Decorations] CAPPING events from decorations provider vscode.git 1388
2025-02-23 20:22:31.017 [warning] [Decorations] CAPPING events from decorations provider vscode.git 1388
2025-02-23 20:22:37.185 [warning] [Decorations] CAPPING events from decorations provider vscode.git 1388
2025-02-23 20:23:06.760 [warning] [Decorations] CAPPING events from decorations provider vscode.git 1388
2025-02-23 20:23:11.841 [warning] [Decorations] CAPPING events from decorations provider vscode.git 1388
2025-02-23 20:23:22.991 [warning] [Decorations] CAPPING events from decorations provider vscode.git 1390
2025-02-23 20:27:38.893 [warning] [Decorations] CAPPING events from decorations provider vscode.git 1390
2025-02-23 20:27:40.188 [info] ExtensionService#_doActivateExtension vscode.media-preview, startup: false, activationEvent: 'onCustomEditor:imagePreview.previewEditor'
2025-02-23 20:27:43.979 [warning] [Decorations] CAPPING events from decorations provider vscode.git 1390
2025-02-23 20:27:49.061 [warning] [Decorations] CAPPING events from decorations provider vscode.git 1390
2025-02-23 20:27:54.143 [warning] [Decorations] CAPPING events from decorations provider vscode.git 1390
2025-02-23 20:27:59.221 [warning] [Decorations] CAPPING events from decorations provider vscode.git 1391
2025-02-23 20:28:18.954 [warning] [Decorations] CAPPING events from decorations provider vscode.git 1391
2025-02-23 20:28:24.034 [warning] [Decorations] CAPPING events from decorations provider vscode.git 1391
2025-02-23 20:28:38.158 [warning] [Decorations] CAPPING events from decorations provider vscode.git 1392
2025-02-23 20:29:17.966 [warning] [Decorations] CAPPING events from decorations provider vscode.git 1392
2025-02-23 20:29:23.048 [warning] [Decorations] CAPPING events from decorations provider vscode.git 1392
2025-02-23 20:29:29.867 [warning] [Decorations] CAPPING events from decorations provider vscode.git 1393
2025-02-23 20:29:35.858 [warning] [Decorations] CAPPING events from decorations provider vscode.git 1395
2025-02-23 20:29:40.935 [warning] [Decorations] CAPPING events from decorations provider vscode.git 1396
2025-02-23 20:29:46.015 [warning] [Decorations] CAPPING events from decorations provider vscode.git 1396
2025-02-23 20:31:59.127 [warning] [Decorations] CAPPING events from decorations provider vscode.git 1396
2025-02-23 20:32:04.211 [warning] [Decorations] CAPPING events from decorations provider vscode.git 1396
2025-02-23 20:32:09.291 [warning] [Decorations] CAPPING events from decorations provider vscode.git 1396
2025-02-23 20:32:23.543 [warning] [Decorations] CAPPING events from decorations provider vscode.git 1398
2025-02-23 20:32:39.017 [warning] [Decorations] CAPPING events from decorations provider vscode.git 1398
2025-02-23 20:32:44.098 [warning] [Decorations] CAPPING events from decorations provider vscode.git 1398
2025-02-23 20:32:54.662 [warning] [Decorations] CAPPING events from decorations provider vscode.git 1398
2025-02-23 20:32:59.743 [warning] [Decorations] CAPPING events from decorations provider vscode.git 1408
2025-02-23 20:33:04.826 [warning] [Decorations] CAPPING events from decorations provider vscode.git 1409
2025-02-23 20:35:46.384 [warning] [Decorations] CAPPING events from decorations provider vscode.git 1409
2025-02-23 20:35:51.462 [warning] [Decorations] CAPPING events from decorations provider vscode.git 1409
2025-02-23 20:35:56.539 [warning] [Decorations] CAPPING events from decorations provider vscode.git 1410
2025-02-23 20:36:08.514 [warning] [Decorations] CAPPING events from decorations provider vscode.git 1410
2025-02-23 20:36:13.591 [warning] [Decorations] CAPPING events from decorations provider vscode.git 1411
2025-02-23 20:36:29.295 [warning] [Decorations] CAPPING events from decorations provider vscode.git 1411
2025-02-23 20:36:34.377 [warning] [Decorations] CAPPING events from decorations provider vscode.git 1411
2025-02-23 20:36:39.455 [warning] [Decorations] CAPPING events from decorations provider vscode.git 1411
2025-02-23 20:36:44.531 [warning] [Decorations] CAPPING events from decorations provider vscode.git 1411
2025-02-23 20:36:49.624 [warning] [Decorations] CAPPING events from decorations provider vscode.git 1412
2025-02-23 20:36:54.709 [warning] [Decorations] CAPPING events from decorations provider vscode.git 1412
2025-02-23 20:38:24.220 [warning] [Decorations] CAPPING events from decorations provider vscode.git 1412
2025-02-23 20:38:29.304 [warning] [Decorations] CAPPING events from decorations provider vscode.git 1412
2025-02-23 20:38:37.415 [warning] [Decorations] CAPPING events from decorations provider vscode.git 1412
2025-02-23 20:38:44.874 [warning] [Decorations] CAPPING events from decorations provider vscode.git 1415
2025-02-23 20:38:49.951 [warning] [Decorations] CAPPING events from decorations provider vscode.git 1416
2025-02-23 20:38:55.025 [warning] [Decorations] CAPPING events from decorations provider vscode.git 1416
2025-02-23 20:39:18.696 [warning] [Decorations] CAPPING events from decorations provider vscode.git 1417
2025-02-23 20:39:23.778 [warning] [Decorations] CAPPING events from decorations provider vscode.git 1417
2025-02-23 20:39:45.067 [warning] [Decorations] CAPPING events from decorations provider vscode.git 1417
2025-02-23 20:39:50.145 [warning] [Decorations] CAPPING events from decorations provider vscode.git 1418
2025-02-23 20:40:01.501 [warning] [Decorations] CAPPING events from decorations provider vscode.git 1418
2025-02-23 20:40:06.580 [warning] [Decorations] CAPPING events from decorations provider vscode.git 1418
2025-02-23 20:40:15.944 [warning] [Decorations] CAPPING events from decorations provider vscode.git 1419
2025-02-23 20:40:21.029 [warning] [Decorations] CAPPING events from decorations provider vscode.git 1419
2025-02-23 20:40:26.109 [warning] [Decorations] CAPPING events from decorations provider vscode.git 1420
2025-02-23 20:40:31.184 [warning] [Decorations] CAPPING events from decorations provider vscode.git 1420
2025-02-23 20:43:05.288 [warning] [Decorations] CAPPING events from decorations provider vscode.git 1420
2025-02-23 20:43:10.378 [warning] [Decorations] CAPPING events from decorations provider vscode.git 1420
2025-02-23 20:43:15.464 [warning] [Decorations] CAPPING events from decorations provider vscode.git 1420
2025-02-23 20:47:08.443 [warning] [Decorations] CAPPING events from decorations provider vscode.git 1421
2025-02-23 20:47:13.526 [warning] [Decorations] CAPPING events from decorations provider vscode.git 1421
2025-02-23 20:47:18.608 [warning] [Decorations] CAPPING events from decorations provider vscode.git 1422
2025-02-23 20:47:32.325 [warning] [Decorations] CAPPING events from decorations provider vscode.git 1422
2025-02-23 20:47:37.405 [warning] [Decorations] CAPPING events from decorations provider vscode.git 1422
2025-02-23 20:50:17.993 [warning] [Decorations] CAPPING events from decorations provider vscode.git 1423
2025-02-23 20:50:23.073 [warning] [Decorations] CAPPING events from decorations provider vscode.git 1423
2025-02-23 20:50:33.220 [warning] [Decorations] CAPPING events from decorations provider vscode.git 1424
2025-02-23 20:50:38.301 [warning] [Decorations] CAPPING events from decorations provider vscode.git 1425
2025-02-23 20:53:56.274 [warning] [Decorations] CAPPING events from decorations provider vscode.git 1425
2025-02-23 20:54:03.608 [warning] [Decorations] CAPPING events from decorations provider vscode.git 1425
2025-02-23 20:54:08.687 [warning] [Decorations] CAPPING events from decorations provider vscode.git 1425
2025-02-23 20:54:13.769 [warning] [Decorations] CAPPING events from decorations provider vscode.git 1425
2025-02-23 20:54:20.055 [warning] [Decorations] CAPPING events from decorations provider vscode.git 1425
2025-02-23 20:54:26.642 [warning] [Decorations] CAPPING events from decorations provider vscode.git 1425
2025-02-23 20:54:31.719 [warning] [Decorations] CAPPING events from decorations provider vscode.git 1425
2025-02-23 20:57:24.685 [warning] [Decorations] CAPPING events from decorations provider vscode.git 1425
2025-02-23 20:57:29.773 [warning] [Decorations] CAPPING events from decorations provider vscode.git 1425
2025-02-23 20:57:34.852 [warning] [Decorations] CAPPING events from decorations provider vscode.git 1426
2025-02-23 20:57:40.450 [warning] [Decorations] CAPPING events from decorations provider vscode.git 1426
2025-02-23 20:59:34.404 [warning] [Decorations] CAPPING events from decorations provider vscode.git 1426
2025-02-23 20:59:39.488 [warning] [Decorations] CAPPING events from decorations provider vscode.git 1426
2025-02-23 21:05:00.096 [warning] [Decorations] CAPPING events from decorations provider vscode.git 1428
2025-02-23 21:05:05.181 [warning] [Decorations] CAPPING events from decorations provider vscode.git 1428
2025-02-23 21:05:41.986 [warning] [Decorations] CAPPING events from decorations provider vscode.git 1429
2025-02-23 21:06:12.973 [warning] [Decorations] CAPPING events from decorations provider vscode.git 1429
2025-02-23 21:06:18.063 [warning] [Decorations] CAPPING events from decorations provider vscode.git 1429
2025-02-23 21:06:38.160 [warning] [Decorations] CAPPING events from decorations provider vscode.git 1430
2025-02-23 21:06:43.256 [warning] [Decorations] CAPPING events from decorations provider vscode.git 1431
2025-02-23 21:06:48.335 [warning] [Decorations] CAPPING events from decorations provider vscode.git 1431
2025-02-23 21:07:19.521 [warning] [Decorations] CAPPING events from decorations provider vscode.git 1431
2025-02-23 21:08:00.201 [warning] [Decorations] CAPPING events from decorations provider vscode.git 1431
2025-02-23 21:10:13.182 [warning] [Decorations] CAPPING events from decorations provider vscode.git 1432
2025-02-23 21:10:18.269 [warning] [Decorations] CAPPING events from decorations provider vscode.git 1432
2025-02-23 21:14:15.934 [warning] [Decorations] CAPPING events from decorations provider vscode.git 1433
2025-02-23 21:14:21.018 [warning] [Decorations] CAPPING events from decorations provider vscode.git 1433
2025-02-23 21:14:30.481 [warning] [Decorations] CAPPING events from decorations provider vscode.git 1434
2025-02-23 21:14:54.216 [warning] [Decorations] CAPPING events from decorations provider vscode.git 1435
2025-02-23 21:14:59.298 [warning] [Decorations] CAPPING events from decorations provider vscode.git 1435
2025-02-23 21:15:20.782 [warning] [Decorations] CAPPING events from decorations provider vscode.git 1435
2025-02-23 21:15:25.866 [warning] [Decorations] CAPPING events from decorations provider vscode.git 1435
2025-02-23 21:15:30.944 [warning] [Decorations] CAPPING events from decorations provider vscode.git 1436
2025-02-23 21:16:36.977 [warning] [Decorations] CAPPING events from decorations provider vscode.git 1436
2025-02-23 21:17:03.505 [warning] [Decorations] CAPPING events from decorations provider vscode.git 1436
2025-02-23 21:17:08.585 [warning] [Decorations] CAPPING events from decorations provider vscode.git 1436
2025-02-23 21:17:13.663 [warning] [Decorations] CAPPING events from decorations provider vscode.git 1437
2025-02-23 21:17:25.311 [warning] [Decorations] CAPPING events from decorations provider vscode.git 1437
2025-02-23 21:17:31.602 [warning] [Decorations] CAPPING events from decorations provider vscode.git 1438
