2025-02-22 16:27:32.940 [info] [main] Log level: Info
2025-02-22 16:27:32.941 [info] [main] Validating found git in: "git"
2025-02-22 16:27:32.941 [info] [main] Using git "2.43.0" from "git"
2025-02-22 16:27:32.941 [info] [Model][doInitialScan] Initial repository scan started
2025-02-22 16:27:32.941 [info] > git rev-parse --show-toplevel [1441ms]
2025-02-22 16:27:32.944 [info] > git rev-parse --git-dir --git-common-dir [5ms]
2025-02-22 16:27:32.956 [info] [Model][openRepository] Opened repository: /home/leozhontai561
2025-02-22 16:27:35.286 [info] > git config --get commit.template [2271ms]
2025-02-22 16:27:35.604 [info] > git for-each-ref --format=%(refname)%00%(upstream:short)%00%(objectname)%00%(upstream:track)%00%(upstream:remotename)%00%(upstream:remoteref) refs/heads/main refs/remotes/main [292ms]
2025-02-22 16:27:35.605 [info] > git rev-parse --show-toplevel [282ms]
2025-02-22 16:27:35.686 [info] > git rev-parse --show-toplevel [41ms]
2025-02-22 16:27:36.129 [info] > git status -z -uall [412ms]
2025-02-22 16:27:36.129 [info] > git check-ignore -v -z --stdin [348ms]
2025-02-22 16:27:36.131 [info] > git for-each-ref --sort -committerdate --format %(refname) %(objectname) %(*objectname) [402ms]
2025-02-22 16:27:36.132 [info] > git rev-parse --show-toplevel [430ms]
2025-02-22 16:27:36.184 [info] > git for-each-ref --format=%(refname)%00%(upstream:short)%00%(objectname)%00%(upstream:track)%00%(upstream:remotename)%00%(upstream:remoteref) refs/heads/main refs/remotes/main [14ms]
2025-02-22 16:27:36.192 [info] > git rev-parse --show-toplevel [45ms]
2025-02-22 16:27:36.225 [info] > git config --get commit.template [46ms]
2025-02-22 16:27:36.229 [info] > git rev-parse --show-toplevel [29ms]
2025-02-22 16:27:36.230 [info] > git config --local branch.main.vscode-merge-base [37ms]
2025-02-22 16:27:36.230 [warning] [Git][config] git config failed: Failed to execute git
2025-02-22 16:27:36.367 [info] > git rev-parse --show-toplevel [114ms]
2025-02-22 16:27:36.367 [info] > git for-each-ref --format=%(refname)%00%(upstream:short)%00%(objectname)%00%(upstream:track)%00%(upstream:remotename)%00%(upstream:remoteref) refs/heads/main refs/remotes/main [122ms]
2025-02-22 16:27:36.403 [info] > git reflog main --grep-reflog=branch: Created from *. [166ms]
2025-02-22 16:27:36.417 [info] > git rev-parse --show-toplevel [15ms]
2025-02-22 16:27:36.441 [info] > git symbolic-ref --short refs/remotes/origin/HEAD [29ms]
2025-02-22 16:27:36.441 [info] fatal: ref refs/remotes/origin/HEAD is not a symbolic ref
2025-02-22 16:27:36.441 [warning] [Repository][getDefaultBranch] Failed to get default branch details: Failed to execute git.
2025-02-22 16:27:36.480 [info] > git rev-parse --show-toplevel [40ms]
2025-02-22 16:27:36.483 [info] > git for-each-ref --sort -committerdate --format %(refname) %(objectname) %(*objectname) [8ms]
2025-02-22 16:27:36.485 [info] > git merge-base refs/heads/main refs/remotes/origin/main [34ms]
2025-02-22 16:27:36.507 [info] > git status -z -uall [43ms]
2025-02-22 16:27:36.523 [info] > git merge-base refs/heads/main refs/remotes/origin/main [4ms]
2025-02-22 16:27:36.531 [info] > git rev-parse --show-toplevel [28ms]
2025-02-22 16:27:36.531 [info] > git diff --name-status -z --diff-filter=ADMR 24234f44b67593ebcbc0cd38a96cb9e9b7efb676...refs/remotes/origin/main [36ms]
2025-02-22 16:27:36.562 [info] > git rev-parse --show-toplevel [18ms]
2025-02-22 16:27:36.562 [info] > git diff --name-status -z --diff-filter=ADMR 24234f44b67593ebcbc0cd38a96cb9e9b7efb676...refs/remotes/origin/main [32ms]
2025-02-22 16:27:36.683 [info] > git rev-parse --show-toplevel [93ms]
2025-02-22 16:27:36.707 [info] > git rev-parse --show-toplevel [4ms]
2025-02-22 16:27:36.787 [info] > git rev-parse --show-toplevel [69ms]
2025-02-22 16:27:36.802 [info] > git rev-parse --show-toplevel [5ms]
2025-02-22 16:27:36.821 [info] > git rev-parse --show-toplevel [4ms]
2025-02-22 16:27:36.822 [info] [Model][doInitialScan] Initial repository scan completed - repositories (1), closed repositories (0), parent repositories (0), unsafe repositories (0)
2025-02-22 16:27:39.088 [info] > git config --get commit.template [5ms]
2025-02-22 16:27:39.119 [info] > git for-each-ref --format=%(refname)%00%(upstream:short)%00%(objectname)%00%(upstream:track)%00%(upstream:remotename)%00%(upstream:remoteref) refs/heads/main refs/remotes/main [2ms]
2025-02-22 16:27:39.155 [info] > git for-each-ref --sort -committerdate --format %(refname) %(objectname) %(*objectname) [1ms]
2025-02-22 16:27:39.177 [info] > git status -z -uall [41ms]
2025-02-22 16:27:44.200 [info] > git config --get commit.template [9ms]
2025-02-22 16:27:44.203 [info] > git for-each-ref --format=%(refname)%00%(upstream:short)%00%(objectname)%00%(upstream:track)%00%(upstream:remotename)%00%(upstream:remoteref) refs/heads/main refs/remotes/main [3ms]
2025-02-22 16:27:44.223 [info] > git for-each-ref --sort -committerdate --format %(refname) %(objectname) %(*objectname) [2ms]
2025-02-22 16:27:44.232 [info] > git status -z -uall [20ms]
2025-02-22 16:28:02.286 [info] > git config --get commit.template [2ms]
2025-02-22 16:28:02.296 [info] > git for-each-ref --format=%(refname)%00%(upstream:short)%00%(objectname)%00%(upstream:track)%00%(upstream:remotename)%00%(upstream:remoteref) refs/heads/main refs/remotes/main [2ms]
2025-02-22 16:28:02.318 [info] > git for-each-ref --sort -committerdate --format %(refname) %(objectname) %(*objectname) [3ms]
2025-02-22 16:28:02.326 [info] > git status -z -uall [21ms]
2025-02-22 16:28:07.752 [info] > git config --get commit.template [9ms]
2025-02-22 16:28:07.753 [info] > git for-each-ref --format=%(refname)%00%(upstream:short)%00%(objectname)%00%(upstream:track)%00%(upstream:remotename)%00%(upstream:remoteref) refs/heads/main refs/remotes/main [2ms]
2025-02-22 16:28:07.774 [info] > git for-each-ref --sort -committerdate --format %(refname) %(objectname) %(*objectname) [3ms]
2025-02-22 16:28:07.783 [info] > git status -z -uall [21ms]
2025-02-22 16:28:12.823 [info] > git for-each-ref --format=%(refname)%00%(upstream:short)%00%(objectname)%00%(upstream:track)%00%(upstream:remotename)%00%(upstream:remoteref) refs/heads/main refs/remotes/main [1ms]
2025-02-22 16:28:12.824 [info] > git config --get commit.template [18ms]
2025-02-22 16:28:12.869 [info] > git for-each-ref --sort -committerdate --format %(refname) %(objectname) %(*objectname) [9ms]
2025-02-22 16:28:12.889 [info] > git status -z -uall [51ms]
2025-02-22 16:28:17.925 [info] > git config --get commit.template [9ms]
2025-02-22 16:28:17.926 [info] > git for-each-ref --format=%(refname)%00%(upstream:short)%00%(objectname)%00%(upstream:track)%00%(upstream:remotename)%00%(upstream:remoteref) refs/heads/main refs/remotes/main [3ms]
2025-02-22 16:28:17.944 [info] > git for-each-ref --sort -committerdate --format %(refname) %(objectname) %(*objectname) [2ms]
2025-02-22 16:28:17.955 [info] > git status -z -uall [21ms]
2025-02-22 16:32:30.142 [info] > git config --get commit.template [34ms]
2025-02-22 16:32:30.143 [info] > git for-each-ref --format=%(refname)%00%(upstream:short)%00%(objectname)%00%(upstream:track)%00%(upstream:remotename)%00%(upstream:remoteref) refs/heads/main refs/remotes/main [29ms]
2025-02-22 16:32:30.161 [info] > git for-each-ref --sort -committerdate --format %(refname) %(objectname) %(*objectname) [3ms]
2025-02-22 16:32:30.171 [info] > git status -z -uall [21ms]
2025-02-22 16:32:33.535 [info] > git check-ignore -v -z --stdin [2ms]
2025-02-22 16:32:35.191 [info] > git config --get commit.template [3ms]
2025-02-22 16:32:35.200 [info] > git for-each-ref --format=%(refname)%00%(upstream:short)%00%(objectname)%00%(upstream:track)%00%(upstream:remotename)%00%(upstream:remoteref) refs/heads/main refs/remotes/main [2ms]
2025-02-22 16:32:35.216 [info] > git for-each-ref --sort -committerdate --format %(refname) %(objectname) %(*objectname) [3ms]
2025-02-22 16:32:35.227 [info] > git status -z -uall [21ms]
2025-02-22 16:32:38.641 [info] > git log --format=%H%n%aN%n%aE%n%at%n%ct%n%P%n%D%n%B -z --shortstat --diff-merges=first-parent -n50 --skip=0 --topo-order --decorate=full --stdin [5644ms]
2025-02-22 16:32:40.250 [info] > git config --get commit.template [8ms]
2025-02-22 16:32:40.253 [info] > git for-each-ref --format=%(refname)%00%(upstream:short)%00%(objectname)%00%(upstream:track)%00%(upstream:remotename)%00%(upstream:remoteref) refs/heads/main refs/remotes/main [4ms]
2025-02-22 16:32:40.271 [info] > git for-each-ref --sort -committerdate --format %(refname) %(objectname) %(*objectname) [3ms]
2025-02-22 16:32:40.284 [info] > git status -z -uall [23ms]
2025-02-22 16:32:45.304 [info] > git config --get commit.template [6ms]
2025-02-22 16:32:45.306 [info] > git for-each-ref --format=%(refname)%00%(upstream:short)%00%(objectname)%00%(upstream:track)%00%(upstream:remotename)%00%(upstream:remoteref) refs/heads/main refs/remotes/main [3ms]
2025-02-22 16:32:45.320 [info] > git for-each-ref --sort -committerdate --format %(refname) %(objectname) %(*objectname) [3ms]
2025-02-22 16:32:45.331 [info] > git status -z -uall [20ms]
2025-02-22 16:32:47.984 [info] > git check-ignore -v -z --stdin [2ms]
2025-02-22 16:32:49.245 [info] > git check-ignore -v -z --stdin [3ms]
2025-02-22 16:32:50.005 [info] > git check-ignore -v -z --stdin [2ms]
2025-02-22 16:32:50.351 [info] > git config --get commit.template [6ms]
2025-02-22 16:32:50.352 [info] > git for-each-ref --format=%(refname)%00%(upstream:short)%00%(objectname)%00%(upstream:track)%00%(upstream:remotename)%00%(upstream:remoteref) refs/heads/main refs/remotes/main [2ms]
2025-02-22 16:32:50.366 [info] > git for-each-ref --sort -committerdate --format %(refname) %(objectname) %(*objectname) [3ms]
2025-02-22 16:32:50.378 [info] > git status -z -uall [20ms]
2025-02-22 16:32:51.347 [info] > git check-ignore -v -z --stdin [2ms]
2025-02-22 16:32:53.230 [info] > git check-ignore -v -z --stdin [3ms]
2025-02-22 16:32:53.804 [info] > git check-ignore -v -z --stdin [2ms]
2025-02-22 16:32:55.304 [info] > git check-ignore -v -z --stdin [3ms]
2025-02-22 16:32:55.399 [info] > git config --get commit.template [7ms]
2025-02-22 16:32:55.400 [info] > git for-each-ref --format=%(refname)%00%(upstream:short)%00%(objectname)%00%(upstream:track)%00%(upstream:remotename)%00%(upstream:remoteref) refs/heads/main refs/remotes/main [2ms]
2025-02-22 16:32:55.417 [info] > git for-each-ref --sort -committerdate --format %(refname) %(objectname) %(*objectname) [4ms]
2025-02-22 16:32:55.428 [info] > git status -z -uall [22ms]
2025-02-22 16:32:56.188 [info] > git check-ignore -v -z --stdin [2ms]
2025-02-22 16:32:57.331 [info] > git check-ignore -v -z --stdin [3ms]
2025-02-22 16:33:00.444 [info] > git config --get commit.template [2ms]
2025-02-22 16:33:00.451 [info] > git for-each-ref --format=%(refname)%00%(upstream:short)%00%(objectname)%00%(upstream:track)%00%(upstream:remotename)%00%(upstream:remoteref) refs/heads/main refs/remotes/main [2ms]
2025-02-22 16:33:00.465 [info] > git for-each-ref --sort -committerdate --format %(refname) %(objectname) %(*objectname) [2ms]
2025-02-22 16:33:00.477 [info] > git status -z -uall [20ms]
2025-02-22 16:33:05.496 [info] > git config --get commit.template [6ms]
2025-02-22 16:33:05.497 [info] > git for-each-ref --format=%(refname)%00%(upstream:short)%00%(objectname)%00%(upstream:track)%00%(upstream:remotename)%00%(upstream:remoteref) refs/heads/main refs/remotes/main [2ms]
2025-02-22 16:33:05.515 [info] > git for-each-ref --sort -committerdate --format %(refname) %(objectname) %(*objectname) [3ms]
2025-02-22 16:33:05.527 [info] > git status -z -uall [22ms]
