2025-02-22 19:02:52.316 [warning] Dir "/home/leozhontai561/.pixi/envs" is not watchable (directory does not exist)
2025-02-22 19:02:52.370 [info] Python interpreter path: ./venv/bin/python
2025-02-22 19:02:53.375 [info] > pyenv which python
2025-02-22 19:02:53.376 [info] cwd: .
2025-02-22 19:02:56.870 [info] Starting Jedi language server for leozhontai561.
2025-02-22 19:05:18.875 [info] Running installed packages checker:  {
  id: '/home/leozhontai561/venv/bin/python',
  sysPrefix: '/home/leozhontai561/venv',
  envType: 'Venv',
  envName: 'venv',
  envPath: '/home/leozhontai561/venv',
  path: '/home/leozhontai561/venv/bin/python',
  architecture: 3,
  sysVersion: '3.12.3 (main, Jan 17 2025, 18:03:48) [GCC 13.3.0]',
  version: {
    raw: '3.12.3',
    major: 3,
    minor: 12,
    patch: 3,
    build: [],
    prerelease: [ 'final', '0' ]
  },
  displayName: "Python 3.12.3 ('venv')",
  detailedDisplayName: "Python 3.12.3 ('venv': venv)",
  type: 'Virtual'
} /google/devshell/editor/code-oss-for-cloud-shell/extensions/ms-python.python/python_files/installed_check.py /home/leozhontai561/requirements.txt
2025-02-22 19:05:18.875 [info] > ./venv/bin/python /google/devshell/editor/code-oss-for-cloud-shell/extensions/ms-python.python/python_files/installed_check.py ./requirements.txt
