2025-02-10 01:58:52.029 [info] Extension host with pid 5503 started
2025-02-10 01:58:52.029 [error] Error: EEXIST: file already exists, open '/home/leozhontai561/.codeoss/data/User/workspaceStorage/66f86631/vscode.lock'
2025-02-10 01:58:52.036 [info] Lock '/home/leozhontai561/.codeoss/data/User/workspaceStorage/66f86631/vscode.lock': Could not acquire lock, checking if the file is stale.
2025-02-10 01:58:52.093 [info] Lock '/home/leozhontai561/.codeoss/data/User/workspaceStorage/66f86631/vscode.lock': The lock does not look stale, elapsed: 700 ms, giving up.
2025-02-10 01:58:52.099 [info] Lock '/home/leozhontai561/.codeoss/data/User/workspaceStorage/66f86631-1/vscode.lock': Lock acquired.
2025-02-10 01:58:52.307 [info] ExtensionService#_doActivateExtension vscode.emmet, startup: false, activationEvent: 'onLanguage'
2025-02-10 01:58:52.403 [info] ExtensionService#_doActivateExtension vscode.git-base, startup: true, activationEvent: '*', root cause: vscode.git
2025-02-10 01:58:52.411 [info] ExtensionService#_doActivateExtension ms-python.python, startup: true, activationEvent: 'workspaceContains:requirements.txt'
2025-02-10 01:58:52.759 [info] ExtensionService#_doActivateExtension vscode.git, startup: true, activationEvent: '*'
2025-02-10 01:58:52.760 [info] ExtensionService#_doActivateExtension vscode.github, startup: true, activationEvent: '*'
2025-02-10 01:58:52.948 [error] Error: spawn /google/devshell/editor/code-oss-for-cloud-shell/extensions/ms-python.python/python-env-tools/bin/pet ENOENT
	at ChildProcess._handle.onexit (node:internal/child_process:286:19)
	at onErrorNT (node:internal/child_process:484:16)
	at process.processTicksAndRejections (node:internal/process/task_queues:82:21)
2025-02-10 01:58:52.990 [info] ExtensionService#_doActivateExtension redhat.fabric8-analytics, startup: true, activationEvent: 'workspaceContains:**/package.json,**/pom.xml,**/go.mod,**/requirements.txt,**/build.gradle,**/Dockerfile,**/Containerfile'
2025-02-10 01:58:53.352 [info] Eager extensions activated
2025-02-10 01:58:53.353 [info] ExtensionService#_doActivateExtension EditorConfig.EditorConfig, startup: false, activationEvent: 'onStartupFinished'
2025-02-10 01:58:53.353 [info] ExtensionService#_doActivateExtension google.cloud-shell, startup: false, activationEvent: 'onStartupFinished'
2025-02-10 01:58:53.354 [info] ExtensionService#_doActivateExtension google.geminicodeassist, startup: false, activationEvent: 'onStartupFinished', root cause: googlecloudtools.cloudcode
2025-02-10 01:58:53.354 [info] ExtensionService#_doActivateExtension vscode.debug-auto-launch, startup: false, activationEvent: 'onStartupFinished'
2025-02-10 01:58:53.355 [info] ExtensionService#_doActivateExtension vscode.merge-conflict, startup: false, activationEvent: 'onStartupFinished'
2025-02-10 01:58:55.004 [info] ExtensionService#_doActivateExtension googlecloudtools.cloudcode, startup: false, activationEvent: 'onStartupFinished'
2025-02-10 01:58:57.233 [info] ExtensionService#_doActivateExtension vscode.configuration-editing, startup: false, activationEvent: 'onLanguage:jsonc'
2025-02-10 01:58:57.233 [info] ExtensionService#_doActivateExtension vscode.json-language-features, startup: false, activationEvent: 'onLanguage:jsonc'
2025-02-10 01:58:57.235 [info] ExtensionService#_doActivateExtension vscode.typescript-language-features, startup: false, activationEvent: 'onLanguage:jsonc'
2025-02-10 01:58:57.668 [info] ExtensionService#_doActivateExtension vscode.github-authentication, startup: false, activationEvent: 'onAuthenticationRequest:github'
