2025-02-23 19:32:44.463 [info] Extension host with pid 5283 started
2025-02-23 19:32:44.463 [error] Error: EEXIST: file already exists, open '/home/leozhontai561/.codeoss/data/User/workspaceStorage/-4f52639f/vscode.lock'
2025-02-23 19:32:44.484 [info] Lock '/home/leozhontai561/.codeoss/data/User/workspaceStorage/-4f52639f/vscode.lock': Could not acquire lock, checking if the file is stale.
2025-02-23 19:32:44.491 [info] Lock '/home/leozhontai561/.codeoss/data/User/workspaceStorage/-4f52639f/vscode.lock': The lock does not look stale, elapsed: 190 ms, giving up.
2025-02-23 19:32:44.506 [info] Lock '/home/leozhontai561/.codeoss/data/User/workspaceStorage/-4f52639f-1/vscode.lock': Lock acquired.
2025-02-23 19:32:44.749 [info] ExtensionService#_doActivateExtension vscode.emmet, startup: false, activationEvent: 'onLanguage'
2025-02-23 19:32:44.750 [info] ExtensionService#_doActivateExtension ms-python.python, startup: false, activationEvent: 'onLanguage:python'
2025-02-23 19:32:45.186 [error] Error: spawn /google/devshell/editor/code-oss-for-cloud-shell/extensions/ms-python.python/python-env-tools/bin/pet ENOENT
	at ChildProcess._handle.onexit (node:internal/child_process:286:19)
	at onErrorNT (node:internal/child_process:484:16)
	at process.processTicksAndRejections (node:internal/process/task_queues:82:21)
2025-02-23 19:32:45.284 [info] ExtensionService#_doActivateExtension vscode.git-base, startup: true, activationEvent: '*', root cause: vscode.git
2025-02-23 19:32:45.356 [info] ExtensionService#_doActivateExtension vscode.git, startup: true, activationEvent: '*'
2025-02-23 19:32:45.356 [info] ExtensionService#_doActivateExtension vscode.github, startup: true, activationEvent: '*'
2025-02-23 19:32:45.548 [info] ExtensionService#_doActivateExtension redhat.fabric8-analytics, startup: true, activationEvent: 'workspaceContains:**/package.json,**/pom.xml,**/go.mod,**/requirements.txt,**/build.gradle,**/Dockerfile,**/Containerfile'
2025-02-23 19:32:45.856 [info] Eager extensions activated
2025-02-23 19:32:45.857 [info] ExtensionService#_doActivateExtension EditorConfig.EditorConfig, startup: false, activationEvent: 'onStartupFinished'
2025-02-23 19:32:45.857 [info] ExtensionService#_doActivateExtension google.cloud-shell, startup: false, activationEvent: 'onStartupFinished'
2025-02-23 19:32:45.858 [info] ExtensionService#_doActivateExtension google.geminicodeassist, startup: false, activationEvent: 'onStartupFinished', root cause: googlecloudtools.cloudcode
2025-02-23 19:32:45.858 [info] ExtensionService#_doActivateExtension vscode.debug-auto-launch, startup: false, activationEvent: 'onStartupFinished'
2025-02-23 19:32:45.859 [info] ExtensionService#_doActivateExtension vscode.merge-conflict, startup: false, activationEvent: 'onStartupFinished'
2025-02-23 19:32:47.307 [info] ExtensionService#_doActivateExtension googlecloudtools.cloudcode, startup: false, activationEvent: 'onStartupFinished'
2025-02-23 19:32:49.617 [info] ExtensionService#_doActivateExtension vscode.configuration-editing, startup: false, activationEvent: 'onLanguage:jsonc'
2025-02-23 19:32:49.618 [info] ExtensionService#_doActivateExtension vscode.json-language-features, startup: false, activationEvent: 'onLanguage:jsonc'
2025-02-23 19:32:49.618 [info] ExtensionService#_doActivateExtension vscode.typescript-language-features, startup: false, activationEvent: 'onLanguage:jsonc'
2025-02-23 19:32:49.925 [warning] [Decorations] CAPPING events from decorations provider vscode.git 1343
2025-02-23 19:32:50.039 [info] ExtensionService#_doActivateExtension vscode.github-authentication, startup: false, activationEvent: 'onAuthenticationRequest:github'
2025-02-23 19:32:50.929 [warning] [Decorations] CAPPING events from decorations provider vscode.git 1345
2025-02-23 19:33:51.949 [warning] [Decorations] CAPPING events from decorations provider vscode.git 1348
2025-02-23 19:37:45.868 [warning] [Decorations] CAPPING events from decorations provider vscode.git 1348
2025-02-23 19:37:50.948 [warning] [Decorations] CAPPING events from decorations provider vscode.git 1347
2025-02-23 19:37:56.018 [warning] [Decorations] CAPPING events from decorations provider vscode.git 1347
2025-02-23 19:38:01.087 [warning] [Decorations] CAPPING events from decorations provider vscode.git 1347
2025-02-23 19:38:06.163 [warning] [Decorations] CAPPING events from decorations provider vscode.git 1347
2025-02-23 19:38:11.235 [warning] [Decorations] CAPPING events from decorations provider vscode.git 1347
2025-02-23 19:38:16.305 [warning] [Decorations] CAPPING events from decorations provider vscode.git 1347
2025-02-23 19:38:21.382 [warning] [Decorations] CAPPING events from decorations provider vscode.git 1347
2025-02-23 19:38:26.462 [warning] [Decorations] CAPPING events from decorations provider vscode.git 1347
2025-02-23 19:38:31.542 [warning] [Decorations] CAPPING events from decorations provider vscode.git 1347
2025-02-23 19:38:36.610 [warning] [Decorations] CAPPING events from decorations provider vscode.git 1347
2025-02-23 19:38:41.680 [warning] [Decorations] CAPPING events from decorations provider vscode.git 1347
2025-02-23 19:38:46.775 [warning] [Decorations] CAPPING events from decorations provider vscode.git 1347
2025-02-23 19:38:51.849 [warning] [Decorations] CAPPING events from decorations provider vscode.git 1347
2025-02-23 19:38:56.919 [warning] [Decorations] CAPPING events from decorations provider vscode.git 1347
2025-02-23 19:39:01.996 [warning] [Decorations] CAPPING events from decorations provider vscode.git 1347
2025-02-23 19:39:07.066 [warning] [Decorations] CAPPING events from decorations provider vscode.git 1347
2025-02-23 19:39:12.136 [warning] [Decorations] CAPPING events from decorations provider vscode.git 1347
2025-02-23 19:39:17.204 [warning] [Decorations] CAPPING events from decorations provider vscode.git 1347
2025-02-23 19:39:22.277 [warning] [Decorations] CAPPING events from decorations provider vscode.git 1347
2025-02-23 19:39:27.346 [warning] [Decorations] CAPPING events from decorations provider vscode.git 1347
2025-02-23 19:44:42.688 [warning] [Decorations] CAPPING events from decorations provider vscode.git 1347
2025-02-23 19:44:47.765 [warning] [Decorations] CAPPING events from decorations provider vscode.git 1347
2025-02-23 19:44:52.839 [warning] [Decorations] CAPPING events from decorations provider vscode.git 1348
2025-02-23 19:44:57.911 [warning] [Decorations] CAPPING events from decorations provider vscode.git 1349
2025-02-23 19:48:16.162 [warning] [Decorations] CAPPING events from decorations provider vscode.git 1349
2025-02-23 19:48:21.238 [warning] [Decorations] CAPPING events from decorations provider vscode.git 1349
2025-02-23 19:48:26.321 [warning] [Decorations] CAPPING events from decorations provider vscode.git 1351
2025-02-23 19:48:31.392 [warning] [Decorations] CAPPING events from decorations provider vscode.git 1351
2025-02-23 19:52:31.334 [warning] [Decorations] CAPPING events from decorations provider vscode.git 1351
2025-02-23 19:52:36.406 [warning] [Decorations] CAPPING events from decorations provider vscode.git 1351
2025-02-23 19:52:41.481 [warning] [Decorations] CAPPING events from decorations provider vscode.git 1361
2025-02-23 19:54:52.879 [warning] [Decorations] CAPPING events from decorations provider vscode.git 1362
2025-02-23 19:54:57.956 [warning] [Decorations] CAPPING events from decorations provider vscode.git 1362
2025-02-23 20:00:27.890 [info] Extension host terminating: renderer disconnected for too long (2)
2025-02-23 20:00:27.891 [info] Lock '/home/leozhontai561/.codeoss/data/User/workspaceStorage/-4f52639f-1/vscode.lock': Marking the lockfile as scheduled to be released in 6000 ms.
2025-02-23 20:00:27.945 [error] Canceled: Canceled
    at new eA (file:///google/devshell/editor/code-oss-for-cloud-shell/out/vs/workbench/api/node/extensionHostProcess.js:31:116752)
    at Zb.U (file:///google/devshell/editor/code-oss-for-cloud-shell/out/vs/workbench/api/node/extensionHostProcess.js:31:121364)
    at Proxy.s.<computed>.n.charCodeAt.s.<computed> (file:///google/devshell/editor/code-oss-for-cloud-shell/out/vs/workbench/api/node/extensionHostProcess.js:31:118858)
    at T0.g (file:///google/devshell/editor/code-oss-for-cloud-shell/out/vs/workbench/api/node/extensionHostProcess.js:114:32325)
    at T0.executeCommand (file:///google/devshell/editor/code-oss-for-cloud-shell/out/vs/workbench/api/node/extensionHostProcess.js:114:31826)
    at r.registerCommand.description (file:///google/devshell/editor/code-oss-for-cloud-shell/out/vs/workbench/api/node/extensionHostProcess.js:114:31156)
    at T0.h (file:///google/devshell/editor/code-oss-for-cloud-shell/out/vs/workbench/api/node/extensionHostProcess.js:114:32845)
    at T0.g (file:///google/devshell/editor/code-oss-for-cloud-shell/out/vs/workbench/api/node/extensionHostProcess.js:114:31919)
    at T0.executeCommand (file:///google/devshell/editor/code-oss-for-cloud-shell/out/vs/workbench/api/node/extensionHostProcess.js:114:31826)
    at Object.executeCommand (file:///google/devshell/editor/code-oss-for-cloud-shell/out/vs/workbench/api/node/extensionHostProcess.js:156:37049)
    at gh.O [as value] (/google/devshell/editor/code-oss-for-cloud-shell/extensions/git/dist/main.js:2:173696)
    at T.B (file:///google/devshell/editor/code-oss-for-cloud-shell/out/vs/workbench/api/node/extensionHostProcess.js:29:732)
    at T.C (file:///google/devshell/editor/code-oss-for-cloud-shell/out/vs/workbench/api/node/extensionHostProcess.js:29:802)
    at T.fire (file:///google/devshell/editor/code-oss-for-cloud-shell/out/vs/workbench/api/node/extensionHostProcess.js:29:1019)
    at Object.p [as dispose] (/google/devshell/editor/code-oss-for-cloud-shell/extensions/git/dist/main.js:2:194274)
    at /google/devshell/editor/code-oss-for-cloud-shell/extensions/git/dist/main.js:2:200396
    at Array.forEach (<anonymous>)
    at f.dispose (/google/devshell/editor/code-oss-for-cloud-shell/extensions/git/dist/main.js:2:200382)
    at D1.<anonymous> (file:///google/devshell/editor/code-oss-for-cloud-shell/out/vs/workbench/api/node/extensionHostProcess.js:108:19996)
    at D1.dispose (file:///google/devshell/editor/code-oss-for-cloud-shell/out/vs/workbench/api/node/extensionHostProcess.js:108:20092)
    at D1.<anonymous> (/google/devshell/editor/code-oss-for-cloud-shell/extensions/git/dist/main.js:2:175994)
    at D1.dispose (file:///google/devshell/editor/code-oss-for-cloud-shell/out/vs/workbench/api/node/extensionHostProcess.js:108:20092)
    at Si (file:///google/devshell/editor/code-oss-for-cloud-shell/out/vs/workbench/api/node/extensionHostProcess.js:24:701)
    at file:///google/devshell/editor/code-oss-for-cloud-shell/out/vs/workbench/api/node/extensionHostProcess.js:118:14995
    at file:///google/devshell/editor/code-oss-for-cloud-shell/out/vs/workbench/api/node/extensionHostProcess.js:24:1011
    at Object.dispose (file:///google/devshell/editor/code-oss-for-cloud-shell/out/vs/workbench/api/node/extensionHostProcess.js:7:2146)
    at dB.eb (file:///google/devshell/editor/code-oss-for-cloud-shell/out/vs/workbench/api/node/extensionHostProcess.js:118:11922)
    at file:///google/devshell/editor/code-oss-for-cloud-shell/out/vs/workbench/api/node/extensionHostProcess.js:118:9877
    at Array.map (<anonymous>)
    at dB.$ (file:///google/devshell/editor/code-oss-for-cloud-shell/out/vs/workbench/api/node/extensionHostProcess.js:118:9865)
    at dB.terminate (file:///google/devshell/editor/code-oss-for-cloud-shell/out/vs/workbench/api/node/extensionHostProcess.js:118:10108)
    at M3.terminate (file:///google/devshell/editor/code-oss-for-cloud-shell/out/vs/workbench/api/node/extensionHostProcess.js:119:1424)
    at ps (file:///google/devshell/editor/code-oss-for-cloud-shell/out/vs/workbench/api/node/extensionHostProcess.js:174:15058)
    at H4.a (file:///google/devshell/editor/code-oss-for-cloud-shell/out/vs/workbench/api/node/extensionHostProcess.js:174:11968)
    at H4.h (file:///google/devshell/editor/code-oss-for-cloud-shell/out/vs/workbench/api/node/extensionHostProcess.js:30:75706)
    at listOnTimeout (node:internal/timers:581:17)
    at processTimers (node:internal/timers:519:7) setContext undefined
2025-02-23 20:00:27.951 [error] Canceled: Canceled
    at new eA (file:///google/devshell/editor/code-oss-for-cloud-shell/out/vs/workbench/api/node/extensionHostProcess.js:31:116752)
    at Zb.U (file:///google/devshell/editor/code-oss-for-cloud-shell/out/vs/workbench/api/node/extensionHostProcess.js:31:121364)
    at Proxy.s.<computed>.n.charCodeAt.s.<computed> (file:///google/devshell/editor/code-oss-for-cloud-shell/out/vs/workbench/api/node/extensionHostProcess.js:31:118858)
    at T0.g (file:///google/devshell/editor/code-oss-for-cloud-shell/out/vs/workbench/api/node/extensionHostProcess.js:114:32325)
    at T0.executeCommand (file:///google/devshell/editor/code-oss-for-cloud-shell/out/vs/workbench/api/node/extensionHostProcess.js:114:31826)
    at r.registerCommand.description (file:///google/devshell/editor/code-oss-for-cloud-shell/out/vs/workbench/api/node/extensionHostProcess.js:114:31156)
    at T0.h (file:///google/devshell/editor/code-oss-for-cloud-shell/out/vs/workbench/api/node/extensionHostProcess.js:114:32845)
    at T0.g (file:///google/devshell/editor/code-oss-for-cloud-shell/out/vs/workbench/api/node/extensionHostProcess.js:114:31919)
    at T0.executeCommand (file:///google/devshell/editor/code-oss-for-cloud-shell/out/vs/workbench/api/node/extensionHostProcess.js:114:31826)
    at Object.executeCommand (file:///google/devshell/editor/code-oss-for-cloud-shell/out/vs/workbench/api/node/extensionHostProcess.js:156:37049)
    at a.VscodeDevShareProvider.set hasGitHubRepositories [as hasGitHubRepositories] (/google/devshell/editor/code-oss-for-cloud-shell/extensions/github/dist/extension.js:2:25682)
    at /google/devshell/editor/code-oss-for-cloud-shell/extensions/github/dist/extension.js:2:26641
    at gh.value (/google/devshell/editor/code-oss-for-cloud-shell/extensions/git/dist/main.js:2:282537)
    at T.B (file:///google/devshell/editor/code-oss-for-cloud-shell/out/vs/workbench/api/node/extensionHostProcess.js:29:732)
    at T.C (file:///google/devshell/editor/code-oss-for-cloud-shell/out/vs/workbench/api/node/extensionHostProcess.js:29:802)
    at T.fire (file:///google/devshell/editor/code-oss-for-cloud-shell/out/vs/workbench/api/node/extensionHostProcess.js:29:1019)
    at Object.p [as dispose] (/google/devshell/editor/code-oss-for-cloud-shell/extensions/git/dist/main.js:2:194274)
    at /google/devshell/editor/code-oss-for-cloud-shell/extensions/git/dist/main.js:2:200396
    at Array.forEach (<anonymous>)
    at f.dispose (/google/devshell/editor/code-oss-for-cloud-shell/extensions/git/dist/main.js:2:200382)
    at D1.<anonymous> (file:///google/devshell/editor/code-oss-for-cloud-shell/out/vs/workbench/api/node/extensionHostProcess.js:108:19996)
    at D1.dispose (file:///google/devshell/editor/code-oss-for-cloud-shell/out/vs/workbench/api/node/extensionHostProcess.js:108:20092)
    at D1.<anonymous> (/google/devshell/editor/code-oss-for-cloud-shell/extensions/git/dist/main.js:2:175994)
    at D1.dispose (file:///google/devshell/editor/code-oss-for-cloud-shell/out/vs/workbench/api/node/extensionHostProcess.js:108:20092)
    at Si (file:///google/devshell/editor/code-oss-for-cloud-shell/out/vs/workbench/api/node/extensionHostProcess.js:24:701)
    at file:///google/devshell/editor/code-oss-for-cloud-shell/out/vs/workbench/api/node/extensionHostProcess.js:118:14995
    at file:///google/devshell/editor/code-oss-for-cloud-shell/out/vs/workbench/api/node/extensionHostProcess.js:24:1011
    at Object.dispose (file:///google/devshell/editor/code-oss-for-cloud-shell/out/vs/workbench/api/node/extensionHostProcess.js:7:2146)
    at dB.eb (file:///google/devshell/editor/code-oss-for-cloud-shell/out/vs/workbench/api/node/extensionHostProcess.js:118:11922)
    at file:///google/devshell/editor/code-oss-for-cloud-shell/out/vs/workbench/api/node/extensionHostProcess.js:118:9877
    at Array.map (<anonymous>)
    at dB.$ (file:///google/devshell/editor/code-oss-for-cloud-shell/out/vs/workbench/api/node/extensionHostProcess.js:118:9865)
    at dB.terminate (file:///google/devshell/editor/code-oss-for-cloud-shell/out/vs/workbench/api/node/extensionHostProcess.js:118:10108)
    at M3.terminate (file:///google/devshell/editor/code-oss-for-cloud-shell/out/vs/workbench/api/node/extensionHostProcess.js:119:1424)
    at ps (file:///google/devshell/editor/code-oss-for-cloud-shell/out/vs/workbench/api/node/extensionHostProcess.js:174:15058)
    at H4.a (file:///google/devshell/editor/code-oss-for-cloud-shell/out/vs/workbench/api/node/extensionHostProcess.js:174:11968)
    at H4.h (file:///google/devshell/editor/code-oss-for-cloud-shell/out/vs/workbench/api/node/extensionHostProcess.js:30:75706)
    at listOnTimeout (node:internal/timers:581:17)
    at processTimers (node:internal/timers:519:7) setContext undefined
2025-02-23 20:00:27.970 [info] Extension host with pid 5283 exiting with code 0
