2025-02-22 16:27:30.035 [info] Extension host with pid 1231 started
2025-02-22 16:27:30.035 [error] Error: EEXIST: file already exists, open '/home/leozhontai561/.codeoss/data/User/workspaceStorage/-4f52639f/vscode.lock'
2025-02-22 16:27:30.065 [info] Lock '/home/leozhontai561/.codeoss/data/User/workspaceStorage/-4f52639f/vscode.lock': Could not acquire lock, checking if the file is stale.
2025-02-22 16:27:30.068 [info] Lock '/home/leozhontai561/.codeoss/data/User/workspaceStorage/-4f52639f/vscode.lock': The pid 1243 appears to be gone.
2025-02-22 16:27:30.068 [info] Lock '/home/leozhontai561/.codeoss/data/User/workspaceStorage/-4f52639f/vscode.lock': Deleting a stale lock.
2025-02-22 16:27:30.098 [info] Lock '/home/leozhontai561/.codeoss/data/User/workspaceStorage/-4f52639f/vscode.lock': Lock acquired.
2025-02-22 16:27:30.336 [info] ExtensionService#_doActivateExtension vscode.media-preview, startup: false, activationEvent: 'onCustomEditor:imagePreview.previewEditor'
2025-02-22 16:27:30.397 [info] ExtensionService#_doActivateExtension vscode.git-base, startup: true, activationEvent: '*', root cause: vscode.git
2025-02-22 16:27:30.407 [info] ExtensionService#_doActivateExtension ms-python.python, startup: true, activationEvent: 'workspaceContains:requirements.txt'
2025-02-22 16:27:30.784 [info] ExtensionService#_doActivateExtension vscode.git, startup: true, activationEvent: '*'
2025-02-22 16:27:30.785 [info] ExtensionService#_doActivateExtension vscode.github, startup: true, activationEvent: '*'
2025-02-22 16:27:30.995 [error] Error: spawn /google/devshell/editor/code-oss-for-cloud-shell/extensions/ms-python.python/python-env-tools/bin/pet ENOENT
	at ChildProcess._handle.onexit (node:internal/child_process:286:19)
	at onErrorNT (node:internal/child_process:484:16)
	at process.processTicksAndRejections (node:internal/process/task_queues:82:21)
2025-02-22 16:27:31.028 [info] ExtensionService#_doActivateExtension redhat.fabric8-analytics, startup: true, activationEvent: 'workspaceContains:**/package.json,**/pom.xml,**/go.mod,**/requirements.txt,**/build.gradle,**/Dockerfile,**/Containerfile'
2025-02-22 16:27:31.499 [info] Eager extensions activated
2025-02-22 16:27:31.500 [info] ExtensionService#_doActivateExtension EditorConfig.EditorConfig, startup: false, activationEvent: 'onStartupFinished'
2025-02-22 16:27:31.501 [info] ExtensionService#_doActivateExtension google.cloud-shell, startup: false, activationEvent: 'onStartupFinished'
2025-02-22 16:27:31.501 [info] ExtensionService#_doActivateExtension google.geminicodeassist, startup: false, activationEvent: 'onStartupFinished', root cause: googlecloudtools.cloudcode
2025-02-22 16:27:31.503 [info] ExtensionService#_doActivateExtension vscode.debug-auto-launch, startup: false, activationEvent: 'onStartupFinished'
2025-02-22 16:27:31.504 [info] ExtensionService#_doActivateExtension vscode.merge-conflict, startup: false, activationEvent: 'onStartupFinished'
2025-02-22 16:27:33.018 [info] ExtensionService#_doActivateExtension vscode.emmet, startup: false, activationEvent: 'onLanguage'
2025-02-22 16:27:33.090 [info] ExtensionService#_doActivateExtension googlecloudtools.cloudcode, startup: false, activationEvent: 'onStartupFinished'
2025-02-22 16:27:35.326 [info] ExtensionService#_doActivateExtension vscode.configuration-editing, startup: false, activationEvent: 'onLanguage:jsonc'
2025-02-22 16:27:35.327 [info] ExtensionService#_doActivateExtension vscode.json-language-features, startup: false, activationEvent: 'onLanguage:jsonc'
2025-02-22 16:27:35.327 [info] ExtensionService#_doActivateExtension vscode.typescript-language-features, startup: false, activationEvent: 'onLanguage:jsonc'
2025-02-22 16:27:36.314 [info] ExtensionService#_doActivateExtension vscode.github-authentication, startup: false, activationEvent: 'onAuthenticationRequest:github'
