2025-02-24 00:39:49.313 [info] Extension host with pid 7728 started
2025-02-24 00:39:49.343 [info] Lock '/home/leozhontai561/.codeoss/data/User/workspaceStorage/-4f52639f/vscode.lock': Lock acquired.
2025-02-24 00:39:49.603 [info] ExtensionService#_doActivateExtension vscode.emmet, startup: false, activationEvent: 'onLanguage'
2025-02-24 00:39:49.604 [info] ExtensionService#_doActivateExtension ms-python.python, startup: false, activationEvent: 'onLanguage:python'
2025-02-24 00:39:50.037 [error] Error: spawn /google/devshell/editor/code-oss-for-cloud-shell/extensions/ms-python.python/python-env-tools/bin/pet ENOENT
	at ChildProcess._handle.onexit (node:internal/child_process:286:19)
	at onErrorNT (node:internal/child_process:484:16)
	at process.processTicksAndRejections (node:internal/process/task_queues:82:21)
2025-02-24 00:39:50.143 [info] ExtensionService#_doActivateExtension vscode.git-base, startup: true, activationEvent: '*', root cause: vscode.git
2025-02-24 00:39:50.217 [info] ExtensionService#_doActivateExtension vscode.git, startup: true, activationEvent: '*'
2025-02-24 00:39:50.217 [info] ExtensionService#_doActivateExtension vscode.github, startup: true, activationEvent: '*'
2025-02-24 00:39:50.432 [info] ExtensionService#_doActivateExtension redhat.fabric8-analytics, startup: true, activationEvent: 'workspaceContains:**/package.json,**/pom.xml,**/go.mod,**/requirements.txt,**/build.gradle,**/Dockerfile,**/Containerfile'
2025-02-24 00:39:50.748 [info] Eager extensions activated
2025-02-24 00:39:50.748 [info] ExtensionService#_doActivateExtension EditorConfig.EditorConfig, startup: false, activationEvent: 'onStartupFinished'
2025-02-24 00:39:50.749 [info] ExtensionService#_doActivateExtension google.cloud-shell, startup: false, activationEvent: 'onStartupFinished'
2025-02-24 00:39:50.749 [info] ExtensionService#_doActivateExtension google.geminicodeassist, startup: false, activationEvent: 'onStartupFinished', root cause: googlecloudtools.cloudcode
2025-02-24 00:39:50.750 [info] ExtensionService#_doActivateExtension vscode.debug-auto-launch, startup: false, activationEvent: 'onStartupFinished'
2025-02-24 00:39:50.750 [info] ExtensionService#_doActivateExtension vscode.merge-conflict, startup: false, activationEvent: 'onStartupFinished'
2025-02-24 00:39:52.289 [info] ExtensionService#_doActivateExtension googlecloudtools.cloudcode, startup: false, activationEvent: 'onStartupFinished'
2025-02-24 00:39:54.453 [info] ExtensionService#_doActivateExtension vscode.configuration-editing, startup: false, activationEvent: 'onLanguage:jsonc'
2025-02-24 00:39:54.453 [info] ExtensionService#_doActivateExtension vscode.json-language-features, startup: false, activationEvent: 'onLanguage:jsonc'
2025-02-24 00:39:54.453 [info] ExtensionService#_doActivateExtension vscode.typescript-language-features, startup: false, activationEvent: 'onLanguage:jsonc'
2025-02-24 00:40:01.178 [warning] [Decorations] CAPPING events from decorations provider vscode.git 1413
2025-02-24 00:40:01.524 [info] ExtensionService#_doActivateExtension vscode.github-authentication, startup: false, activationEvent: 'onAuthenticationRequest:github'
2025-02-24 00:40:03.688 [warning] [Decorations] CAPPING events from decorations provider vscode.git 1414
2025-02-24 00:41:48.880 [warning] [Decorations] CAPPING events from decorations provider vscode.git 1416
2025-02-24 00:41:55.517 [warning] [Decorations] CAPPING events from decorations provider vscode.git 1417
2025-02-24 00:44:29.727 [warning] [Decorations] CAPPING events from decorations provider vscode.git 1417
2025-02-24 00:44:36.344 [warning] [Decorations] CAPPING events from decorations provider vscode.git 1417
2025-02-24 00:44:43.027 [warning] [Decorations] CAPPING events from decorations provider vscode.git 1417
2025-02-24 00:44:49.747 [warning] [Decorations] CAPPING events from decorations provider vscode.git 1417
2025-02-24 00:44:56.399 [warning] [Decorations] CAPPING events from decorations provider vscode.git 1416
2025-02-24 00:45:03.027 [warning] [Decorations] CAPPING events from decorations provider vscode.git 1417
2025-02-24 00:45:39.603 [warning] [Decorations] CAPPING events from decorations provider vscode.git 1417
2025-02-24 00:45:46.593 [warning] [Decorations] CAPPING events from decorations provider vscode.git 1418
2025-02-24 00:47:30.809 [warning] [Decorations] CAPPING events from decorations provider vscode.git 1418
2025-02-24 00:47:37.794 [warning] [Decorations] CAPPING events from decorations provider vscode.git 1419
2025-02-24 00:48:23.624 [warning] [Decorations] CAPPING events from decorations provider vscode.git 1419
2025-02-24 00:48:30.263 [warning] [Decorations] CAPPING events from decorations provider vscode.git 1420
2025-02-24 00:49:21.777 [warning] [Decorations] CAPPING events from decorations provider vscode.git 1420
2025-02-24 00:51:35.997 [warning] [Decorations] CAPPING events from decorations provider vscode.git 1420
2025-02-24 00:51:42.588 [warning] [Decorations] CAPPING events from decorations provider vscode.git 1421
2025-02-24 00:52:47.034 [warning] [Decorations] CAPPING events from decorations provider vscode.git 1421
2025-02-24 00:52:53.690 [warning] [Decorations] CAPPING events from decorations provider vscode.git 1422
2025-02-24 00:56:32.167 [warning] [Decorations] CAPPING events from decorations provider vscode.git 1422
2025-02-24 00:56:38.810 [warning] [Decorations] CAPPING events from decorations provider vscode.git 1422
2025-02-24 00:56:45.397 [warning] [Decorations] CAPPING events from decorations provider vscode.git 1423
2025-02-24 00:59:53.315 [error] TypeError: Cannot read properties of undefined (reading 'setNoDelay')
    at process.<anonymous> (file:///google/devshell/editor/code-oss-for-cloud-shell/out/vs/workbench/api/node/extensionHostProcess.js:174:12091)
    at process.emit (node:events:519:28)
    at process.emit (/google/devshell/editor/code-oss-for-cloud-shell/extensions/cloudcode/dist/extension.js:14:8372694)
    at emit (node:internal/child_process:951:14)
    at processTicksAndRejections (node:internal/process/task_queues:83:21)
2025-02-24 00:59:53.320 [error] TypeError: Cannot read properties of undefined (reading 'setNoDelay')
    at process.<anonymous> (file:///google/devshell/editor/code-oss-for-cloud-shell/out/vs/workbench/api/node/extensionHostProcess.js:174:12091)
    at process.emit (node:events:519:28)
    at process.emit (/google/devshell/editor/code-oss-for-cloud-shell/extensions/cloudcode/dist/extension.js:14:8372694)
    at emit (node:internal/child_process:951:14)
    at processTicksAndRejections (node:internal/process/task_queues:83:21)
2025-02-24 00:59:53.323 [error] TypeError: Cannot read properties of undefined (reading 'setNoDelay')
    at process.<anonymous> (file:///google/devshell/editor/code-oss-for-cloud-shell/out/vs/workbench/api/node/extensionHostProcess.js:174:12091)
    at process.emit (node:events:519:28)
    at process.emit (/google/devshell/editor/code-oss-for-cloud-shell/extensions/cloudcode/dist/extension.js:14:8372694)
    at emit (node:internal/child_process:951:14)
    at processTicksAndRejections (node:internal/process/task_queues:83:21)
2025-02-24 00:59:53.326 [error] TypeError: Cannot read properties of undefined (reading 'setNoDelay')
    at process.<anonymous> (file:///google/devshell/editor/code-oss-for-cloud-shell/out/vs/workbench/api/node/extensionHostProcess.js:174:12091)
    at process.emit (node:events:519:28)
    at process.emit (/google/devshell/editor/code-oss-for-cloud-shell/extensions/cloudcode/dist/extension.js:14:8372694)
    at emit (node:internal/child_process:951:14)
    at processTicksAndRejections (node:internal/process/task_queues:83:21)
2025-02-24 00:59:53.329 [error] TypeError: Cannot read properties of undefined (reading 'setNoDelay')
    at process.<anonymous> (file:///google/devshell/editor/code-oss-for-cloud-shell/out/vs/workbench/api/node/extensionHostProcess.js:174:12091)
    at process.emit (node:events:519:28)
    at process.emit (/google/devshell/editor/code-oss-for-cloud-shell/extensions/cloudcode/dist/extension.js:14:8372694)
    at emit (node:internal/child_process:951:14)
    at processTicksAndRejections (node:internal/process/task_queues:83:21)
2025-02-24 00:59:55.260 [warning] [Decorations] CAPPING events from decorations provider vscode.git 1426
2025-02-24 01:00:01.850 [warning] [Decorations] CAPPING events from decorations provider vscode.git 1426
2025-02-24 01:00:08.475 [warning] [Decorations] CAPPING events from decorations provider vscode.git 1426
2025-02-24 01:00:15.055 [warning] [Decorations] CAPPING events from decorations provider vscode.git 1426
2025-02-24 01:00:16.816 [info] ExtensionService#_doActivateExtension vscode.simple-browser, startup: false, activationEvent: 'onOpenExternalUri:https'
2025-02-24 01:00:29.491 [warning] [Decorations] CAPPING events from decorations provider vscode.git 1426
2025-02-24 01:00:39.495 [warning] [Decorations] CAPPING events from decorations provider vscode.git 1426
2025-02-24 01:01:08.480 [warning] [Decorations] CAPPING events from decorations provider vscode.git 1426
2025-02-24 01:01:15.090 [warning] [Decorations] CAPPING events from decorations provider vscode.git 1427
2025-02-24 01:01:21.699 [warning] [Decorations] CAPPING events from decorations provider vscode.git 1427
2025-02-24 01:08:34.142 [info] Extension host terminating: renderer disconnected for too long (2)
2025-02-24 01:08:34.143 [info] Lock '/home/leozhontai561/.codeoss/data/User/workspaceStorage/-4f52639f/vscode.lock': Marking the lockfile as scheduled to be released in 6000 ms.
2025-02-24 01:08:34.182 [error] Canceled: Canceled
    at Ac (file:///google/devshell/editor/code-oss-for-cloud-shell/out/vs/workbench/api/node/extensionHostProcess.js:7:1122)
    at file:///google/devshell/editor/code-oss-for-cloud-shell/out/vs/workbench/api/node/extensionHostProcess.js:31:118205
    at Array.forEach (<anonymous>)
    at Zb.dispose (file:///google/devshell/editor/code-oss-for-cloud-shell/out/vs/workbench/api/node/extensionHostProcess.js:31:118145)
    at dB.terminate (file:///google/devshell/editor/code-oss-for-cloud-shell/out/vs/workbench/api/node/extensionHostProcess.js:118:10085)
    at M3.terminate (file:///google/devshell/editor/code-oss-for-cloud-shell/out/vs/workbench/api/node/extensionHostProcess.js:119:1424)
    at ps (file:///google/devshell/editor/code-oss-for-cloud-shell/out/vs/workbench/api/node/extensionHostProcess.js:174:15058)
    at H4.a (file:///google/devshell/editor/code-oss-for-cloud-shell/out/vs/workbench/api/node/extensionHostProcess.js:174:11968)
    at H4.h (file:///google/devshell/editor/code-oss-for-cloud-shell/out/vs/workbench/api/node/extensionHostProcess.js:30:75706)
    at listOnTimeout (node:internal/timers:581:17)
    at processTimers (node:internal/timers:519:7) setContext undefined
2025-02-24 01:08:34.195 [error] Canceled: Canceled
    at new eA (file:///google/devshell/editor/code-oss-for-cloud-shell/out/vs/workbench/api/node/extensionHostProcess.js:31:116752)
    at Zb.U (file:///google/devshell/editor/code-oss-for-cloud-shell/out/vs/workbench/api/node/extensionHostProcess.js:31:121364)
    at Proxy.s.<computed>.n.charCodeAt.s.<computed> (file:///google/devshell/editor/code-oss-for-cloud-shell/out/vs/workbench/api/node/extensionHostProcess.js:31:118858)
    at T0.g (file:///google/devshell/editor/code-oss-for-cloud-shell/out/vs/workbench/api/node/extensionHostProcess.js:114:32325)
    at T0.executeCommand (file:///google/devshell/editor/code-oss-for-cloud-shell/out/vs/workbench/api/node/extensionHostProcess.js:114:31826)
    at r.registerCommand.description (file:///google/devshell/editor/code-oss-for-cloud-shell/out/vs/workbench/api/node/extensionHostProcess.js:114:31156)
    at T0.h (file:///google/devshell/editor/code-oss-for-cloud-shell/out/vs/workbench/api/node/extensionHostProcess.js:114:32845)
    at T0.g (file:///google/devshell/editor/code-oss-for-cloud-shell/out/vs/workbench/api/node/extensionHostProcess.js:114:31919)
    at T0.executeCommand (file:///google/devshell/editor/code-oss-for-cloud-shell/out/vs/workbench/api/node/extensionHostProcess.js:114:31826)
    at Object.executeCommand (file:///google/devshell/editor/code-oss-for-cloud-shell/out/vs/workbench/api/node/extensionHostProcess.js:156:37049)
    at gh.O [as value] (/google/devshell/editor/code-oss-for-cloud-shell/extensions/git/dist/main.js:2:173696)
    at T.B (file:///google/devshell/editor/code-oss-for-cloud-shell/out/vs/workbench/api/node/extensionHostProcess.js:29:732)
    at T.C (file:///google/devshell/editor/code-oss-for-cloud-shell/out/vs/workbench/api/node/extensionHostProcess.js:29:802)
    at T.fire (file:///google/devshell/editor/code-oss-for-cloud-shell/out/vs/workbench/api/node/extensionHostProcess.js:29:1019)
    at Object.p [as dispose] (/google/devshell/editor/code-oss-for-cloud-shell/extensions/git/dist/main.js:2:194274)
    at /google/devshell/editor/code-oss-for-cloud-shell/extensions/git/dist/main.js:2:200396
    at Array.forEach (<anonymous>)
    at f.dispose (/google/devshell/editor/code-oss-for-cloud-shell/extensions/git/dist/main.js:2:200382)
    at D1.<anonymous> (file:///google/devshell/editor/code-oss-for-cloud-shell/out/vs/workbench/api/node/extensionHostProcess.js:108:19996)
    at D1.dispose (file:///google/devshell/editor/code-oss-for-cloud-shell/out/vs/workbench/api/node/extensionHostProcess.js:108:20092)
    at D1.<anonymous> (/google/devshell/editor/code-oss-for-cloud-shell/extensions/git/dist/main.js:2:175994)
    at D1.dispose (file:///google/devshell/editor/code-oss-for-cloud-shell/out/vs/workbench/api/node/extensionHostProcess.js:108:20092)
    at Si (file:///google/devshell/editor/code-oss-for-cloud-shell/out/vs/workbench/api/node/extensionHostProcess.js:24:701)
    at file:///google/devshell/editor/code-oss-for-cloud-shell/out/vs/workbench/api/node/extensionHostProcess.js:118:14995
    at file:///google/devshell/editor/code-oss-for-cloud-shell/out/vs/workbench/api/node/extensionHostProcess.js:24:1011
    at Object.dispose (file:///google/devshell/editor/code-oss-for-cloud-shell/out/vs/workbench/api/node/extensionHostProcess.js:7:2146)
    at dB.eb (file:///google/devshell/editor/code-oss-for-cloud-shell/out/vs/workbench/api/node/extensionHostProcess.js:118:11922)
    at file:///google/devshell/editor/code-oss-for-cloud-shell/out/vs/workbench/api/node/extensionHostProcess.js:118:9877
    at Array.map (<anonymous>)
    at dB.$ (file:///google/devshell/editor/code-oss-for-cloud-shell/out/vs/workbench/api/node/extensionHostProcess.js:118:9865)
    at dB.terminate (file:///google/devshell/editor/code-oss-for-cloud-shell/out/vs/workbench/api/node/extensionHostProcess.js:118:10108)
    at M3.terminate (file:///google/devshell/editor/code-oss-for-cloud-shell/out/vs/workbench/api/node/extensionHostProcess.js:119:1424)
    at ps (file:///google/devshell/editor/code-oss-for-cloud-shell/out/vs/workbench/api/node/extensionHostProcess.js:174:15058)
    at H4.a (file:///google/devshell/editor/code-oss-for-cloud-shell/out/vs/workbench/api/node/extensionHostProcess.js:174:11968)
    at H4.h (file:///google/devshell/editor/code-oss-for-cloud-shell/out/vs/workbench/api/node/extensionHostProcess.js:30:75706)
    at listOnTimeout (node:internal/timers:581:17)
    at processTimers (node:internal/timers:519:7) setContext undefined
2025-02-24 01:08:34.201 [error] Canceled: Canceled
    at new eA (file:///google/devshell/editor/code-oss-for-cloud-shell/out/vs/workbench/api/node/extensionHostProcess.js:31:116752)
    at Zb.U (file:///google/devshell/editor/code-oss-for-cloud-shell/out/vs/workbench/api/node/extensionHostProcess.js:31:121364)
    at Proxy.s.<computed>.n.charCodeAt.s.<computed> (file:///google/devshell/editor/code-oss-for-cloud-shell/out/vs/workbench/api/node/extensionHostProcess.js:31:118858)
    at T0.g (file:///google/devshell/editor/code-oss-for-cloud-shell/out/vs/workbench/api/node/extensionHostProcess.js:114:32325)
    at T0.executeCommand (file:///google/devshell/editor/code-oss-for-cloud-shell/out/vs/workbench/api/node/extensionHostProcess.js:114:31826)
    at r.registerCommand.description (file:///google/devshell/editor/code-oss-for-cloud-shell/out/vs/workbench/api/node/extensionHostProcess.js:114:31156)
    at T0.h (file:///google/devshell/editor/code-oss-for-cloud-shell/out/vs/workbench/api/node/extensionHostProcess.js:114:32845)
    at T0.g (file:///google/devshell/editor/code-oss-for-cloud-shell/out/vs/workbench/api/node/extensionHostProcess.js:114:31919)
    at T0.executeCommand (file:///google/devshell/editor/code-oss-for-cloud-shell/out/vs/workbench/api/node/extensionHostProcess.js:114:31826)
    at Object.executeCommand (file:///google/devshell/editor/code-oss-for-cloud-shell/out/vs/workbench/api/node/extensionHostProcess.js:156:37049)
    at a.VscodeDevShareProvider.set hasGitHubRepositories [as hasGitHubRepositories] (/google/devshell/editor/code-oss-for-cloud-shell/extensions/github/dist/extension.js:2:25682)
    at /google/devshell/editor/code-oss-for-cloud-shell/extensions/github/dist/extension.js:2:26641
    at gh.value (/google/devshell/editor/code-oss-for-cloud-shell/extensions/git/dist/main.js:2:282537)
    at T.B (file:///google/devshell/editor/code-oss-for-cloud-shell/out/vs/workbench/api/node/extensionHostProcess.js:29:732)
    at T.C (file:///google/devshell/editor/code-oss-for-cloud-shell/out/vs/workbench/api/node/extensionHostProcess.js:29:802)
    at T.fire (file:///google/devshell/editor/code-oss-for-cloud-shell/out/vs/workbench/api/node/extensionHostProcess.js:29:1019)
    at Object.p [as dispose] (/google/devshell/editor/code-oss-for-cloud-shell/extensions/git/dist/main.js:2:194274)
    at /google/devshell/editor/code-oss-for-cloud-shell/extensions/git/dist/main.js:2:200396
    at Array.forEach (<anonymous>)
    at f.dispose (/google/devshell/editor/code-oss-for-cloud-shell/extensions/git/dist/main.js:2:200382)
    at D1.<anonymous> (file:///google/devshell/editor/code-oss-for-cloud-shell/out/vs/workbench/api/node/extensionHostProcess.js:108:19996)
    at D1.dispose (file:///google/devshell/editor/code-oss-for-cloud-shell/out/vs/workbench/api/node/extensionHostProcess.js:108:20092)
    at D1.<anonymous> (/google/devshell/editor/code-oss-for-cloud-shell/extensions/git/dist/main.js:2:175994)
    at D1.dispose (file:///google/devshell/editor/code-oss-for-cloud-shell/out/vs/workbench/api/node/extensionHostProcess.js:108:20092)
    at Si (file:///google/devshell/editor/code-oss-for-cloud-shell/out/vs/workbench/api/node/extensionHostProcess.js:24:701)
    at file:///google/devshell/editor/code-oss-for-cloud-shell/out/vs/workbench/api/node/extensionHostProcess.js:118:14995
    at file:///google/devshell/editor/code-oss-for-cloud-shell/out/vs/workbench/api/node/extensionHostProcess.js:24:1011
    at Object.dispose (file:///google/devshell/editor/code-oss-for-cloud-shell/out/vs/workbench/api/node/extensionHostProcess.js:7:2146)
    at dB.eb (file:///google/devshell/editor/code-oss-for-cloud-shell/out/vs/workbench/api/node/extensionHostProcess.js:118:11922)
    at file:///google/devshell/editor/code-oss-for-cloud-shell/out/vs/workbench/api/node/extensionHostProcess.js:118:9877
    at Array.map (<anonymous>)
    at dB.$ (file:///google/devshell/editor/code-oss-for-cloud-shell/out/vs/workbench/api/node/extensionHostProcess.js:118:9865)
    at dB.terminate (file:///google/devshell/editor/code-oss-for-cloud-shell/out/vs/workbench/api/node/extensionHostProcess.js:118:10108)
    at M3.terminate (file:///google/devshell/editor/code-oss-for-cloud-shell/out/vs/workbench/api/node/extensionHostProcess.js:119:1424)
    at ps (file:///google/devshell/editor/code-oss-for-cloud-shell/out/vs/workbench/api/node/extensionHostProcess.js:174:15058)
    at H4.a (file:///google/devshell/editor/code-oss-for-cloud-shell/out/vs/workbench/api/node/extensionHostProcess.js:174:11968)
    at H4.h (file:///google/devshell/editor/code-oss-for-cloud-shell/out/vs/workbench/api/node/extensionHostProcess.js:30:75706)
    at listOnTimeout (node:internal/timers:581:17)
    at processTimers (node:internal/timers:519:7) setContext undefined
2025-02-24 01:08:34.217 [info] Extension host with pid 7728 exiting with code 0
